Archive member included to satisfy reference by file (symbol)

f:/programs/stm32cubeide_1.4.0/stm32cubeide/plugins/com.st.stm32cube.ide.mcu.externaltools.gnu-tools-for-stm32.7-2018-q2-update.win32_1.4.0.202007081208/tools/bin/../lib/gcc/arm-none-eabi/7.3.1/../../../../arm-none-eabi/lib/thumb/v6-m\libc_nano.a(lib_a-errno.o)
                              Src/syscalls.o (__errno)
f:/programs/stm32cubeide_1.4.0/stm32cubeide/plugins/com.st.stm32cube.ide.mcu.externaltools.gnu-tools-for-stm32.7-2018-q2-update.win32_1.4.0.202007081208/tools/bin/../lib/gcc/arm-none-eabi/7.3.1/../../../../arm-none-eabi/lib/thumb/v6-m\libc_nano.a(lib_a-exit.o)
                              f:/programs/stm32cubeide_1.4.0/stm32cubeide/plugins/com.st.stm32cube.ide.mcu.externaltools.gnu-tools-for-stm32.7-2018-q2-update.win32_1.4.0.202007081208/tools/bin/../lib/gcc/arm-none-eabi/7.3.1/../../../../arm-none-eabi/lib/thumb/v6-m/crt0.o (exit)
f:/programs/stm32cubeide_1.4.0/stm32cubeide/plugins/com.st.stm32cube.ide.mcu.externaltools.gnu-tools-for-stm32.7-2018-q2-update.win32_1.4.0.202007081208/tools/bin/../lib/gcc/arm-none-eabi/7.3.1/../../../../arm-none-eabi/lib/thumb/v6-m\libc_nano.a(lib_a-impure.o)
                              f:/programs/stm32cubeide_1.4.0/stm32cubeide/plugins/com.st.stm32cube.ide.mcu.externaltools.gnu-tools-for-stm32.7-2018-q2-update.win32_1.4.0.202007081208/tools/bin/../lib/gcc/arm-none-eabi/7.3.1/../../../../arm-none-eabi/lib/thumb/v6-m\libc_nano.a(lib_a-exit.o) (_global_impure_ptr)
f:/programs/stm32cubeide_1.4.0/stm32cubeide/plugins/com.st.stm32cube.ide.mcu.externaltools.gnu-tools-for-stm32.7-2018-q2-update.win32_1.4.0.202007081208/tools/bin/../lib/gcc/arm-none-eabi/7.3.1/../../../../arm-none-eabi/lib/thumb/v6-m\libc_nano.a(lib_a-init.o)
                              f:/programs/stm32cubeide_1.4.0/stm32cubeide/plugins/com.st.stm32cube.ide.mcu.externaltools.gnu-tools-for-stm32.7-2018-q2-update.win32_1.4.0.202007081208/tools/bin/../lib/gcc/arm-none-eabi/7.3.1/../../../../arm-none-eabi/lib/thumb/v6-m/crt0.o (__libc_init_array)
f:/programs/stm32cubeide_1.4.0/stm32cubeide/plugins/com.st.stm32cube.ide.mcu.externaltools.gnu-tools-for-stm32.7-2018-q2-update.win32_1.4.0.202007081208/tools/bin/../lib/gcc/arm-none-eabi/7.3.1/../../../../arm-none-eabi/lib/thumb/v6-m\libc_nano.a(lib_a-memset.o)
                              f:/programs/stm32cubeide_1.4.0/stm32cubeide/plugins/com.st.stm32cube.ide.mcu.externaltools.gnu-tools-for-stm32.7-2018-q2-update.win32_1.4.0.202007081208/tools/bin/../lib/gcc/arm-none-eabi/7.3.1/../../../../arm-none-eabi/lib/thumb/v6-m/crt0.o (memset)
f:/programs/stm32cubeide_1.4.0/stm32cubeide/plugins/com.st.stm32cube.ide.mcu.externaltools.gnu-tools-for-stm32.7-2018-q2-update.win32_1.4.0.202007081208/tools/bin/../lib/gcc/arm-none-eabi/7.3.1/../../../../arm-none-eabi/lib/thumb/v6-m\libc_nano.a(lib_a-sprintf.o)
                              HAL/LCD/LCD.o (sprintf)
f:/programs/stm32cubeide_1.4.0/stm32cubeide/plugins/com.st.stm32cube.ide.mcu.externaltools.gnu-tools-for-stm32.7-2018-q2-update.win32_1.4.0.202007081208/tools/bin/../lib/gcc/arm-none-eabi/7.3.1/../../../../arm-none-eabi/lib/thumb/v6-m\libc_nano.a(lib_a-nano-svfprintf.o)
                              f:/programs/stm32cubeide_1.4.0/stm32cubeide/plugins/com.st.stm32cube.ide.mcu.externaltools.gnu-tools-for-stm32.7-2018-q2-update.win32_1.4.0.202007081208/tools/bin/../lib/gcc/arm-none-eabi/7.3.1/../../../../arm-none-eabi/lib/thumb/v6-m\libc_nano.a(lib_a-sprintf.o) (_svfprintf_r)
f:/programs/stm32cubeide_1.4.0/stm32cubeide/plugins/com.st.stm32cube.ide.mcu.externaltools.gnu-tools-for-stm32.7-2018-q2-update.win32_1.4.0.202007081208/tools/bin/../lib/gcc/arm-none-eabi/7.3.1/../../../../arm-none-eabi/lib/thumb/v6-m\libc_nano.a(lib_a-nano-vfprintf_i.o)
                              f:/programs/stm32cubeide_1.4.0/stm32cubeide/plugins/com.st.stm32cube.ide.mcu.externaltools.gnu-tools-for-stm32.7-2018-q2-update.win32_1.4.0.202007081208/tools/bin/../lib/gcc/arm-none-eabi/7.3.1/../../../../arm-none-eabi/lib/thumb/v6-m\libc_nano.a(lib_a-nano-svfprintf.o) (_printf_i)
f:/programs/stm32cubeide_1.4.0/stm32cubeide/plugins/com.st.stm32cube.ide.mcu.externaltools.gnu-tools-for-stm32.7-2018-q2-update.win32_1.4.0.202007081208/tools/bin/../lib/gcc/arm-none-eabi/7.3.1/../../../../arm-none-eabi/lib/thumb/v6-m\libc_nano.a(lib_a-memchr-stub.o)
                              f:/programs/stm32cubeide_1.4.0/stm32cubeide/plugins/com.st.stm32cube.ide.mcu.externaltools.gnu-tools-for-stm32.7-2018-q2-update.win32_1.4.0.202007081208/tools/bin/../lib/gcc/arm-none-eabi/7.3.1/../../../../arm-none-eabi/lib/thumb/v6-m\libc_nano.a(lib_a-nano-svfprintf.o) (memchr)
f:/programs/stm32cubeide_1.4.0/stm32cubeide/plugins/com.st.stm32cube.ide.mcu.externaltools.gnu-tools-for-stm32.7-2018-q2-update.win32_1.4.0.202007081208/tools/bin/../lib/gcc/arm-none-eabi/7.3.1/../../../../arm-none-eabi/lib/thumb/v6-m\libc_nano.a(lib_a-memcpy-stub.o)
[...]
Memory Configuration

Name             Origin             Length             Attributes
RAM              0x0000000020000000 0x0000000000001000 xrw
ROM              0x0000000008000000 0x0000000000008000 xr
*default*        0x0000000000000000 0xffffffffffffffff

Linker script and memory map

LOAD f:/programs/stm32cubeide_1.4.0/stm32cubeide/plugins/com.st.stm32cube.ide.mcu.externaltools.gnu-tools-for-stm32.7-2018-q2-update.win32_1.4.0.202007081208/tools/bin/../lib/gcc/arm-none-eabi/7.3.1/thumb/v6-m/crti.o
LOAD f:/programs/stm32cubeide_1.4.0/stm32cubeide/plugins/com.st.stm32cube.ide.mcu.externaltools.gnu-tools-for-stm32.7-2018-q2-update.win32_1.4.0.202007081208/tools/bin/../lib/gcc/arm-none-eabi/7.3.1/thumb/v6-m/crtbegin.o
LOAD f:/programs/stm32cubeide_1.4.0/stm32cubeide/plugins/com.st.stm32cube.ide.mcu.externaltools.gnu-tools-for-stm32.7-2018-q2-update.win32_1.4.0.202007081208/tools/bin/../lib/gcc/arm-none-eabi/7.3.1/../../../../arm-none-eabi/lib/thumb/v6-m/crt0.o
LOAD HAL/EEPROM/I2C_Slave_EEPROM.o
LOAD HAL/KEYPAD/KEYPAD.o
LOAD HAL/LCD/LCD.o
LOAD HAL/SEV_SEG/SEG_config.o
LOAD HAL/SEV_SEG/SEG_program.o
LOAD STM32F103C6_Drivers/MCAL/EXTI.o
LOAD STM32F103C6_Drivers/MCAL/GPIO.o
LOAD STM32F103C6_Drivers/MCAL/I2C.o
LOAD STM32F103C6_Drivers/MCAL/RCC.o
LOAD STM32F103C6_Drivers/MCAL/SPI.o
LOAD STM32F103C6_Drivers/MCAL/USART.o
LOAD Src/main.o
LOAD Src/syscalls.o
LOAD Src/sysmem.o
LOAD Startup/startup_stm32f030c6tx.o
START GROUP
LOAD f:/programs/stm32cubeide_1.4.0/stm32cubeide/plugins/com.st.stm32cube.ide.mcu.externaltools.gnu-tools-for-stm32.7-2018-q2-update.win32_1.4.0.202007081208/tools/bin/../lib/gcc/arm-none-eabi/7.3.1/../../../../arm-none-eabi/lib/thumb/v6-m\libc_nano.a
LOAD f:/programs/stm32cubeide_1.4.0/stm32cubeide/plugins/com.st.stm32cube.ide.mcu.externaltools.gnu-tools-for-stm32.7-2018-q2-update.win32_1.4.0.202007081208/tools/bin/../lib/gcc/arm-none-eabi/7.3.1/../../../../arm-none-eabi/lib/thumb/v6-m\libm.a
END GROUP
START GROUP
LOAD f:/programs/stm32cubeide_1.4.0/stm32cubeide/plugins/com.st.stm32cube.ide.mcu.externaltools.gnu-tools-for-stm32.7-2018-q2-update.win32_1.4.0.202007081208/tools/bin/../lib/gcc/arm-none-eabi/7.3.1/thumb/v6-m\libgcc.a
LOAD f:/programs/stm32cubeide_1.4.0/stm32cubeide/plugins/com.st.stm32cube.ide.mcu.externaltools.gnu-tools-for-stm32.7-2018-q2-update.win32_1.4.0.202007081208/tools/bin/../lib/gcc/arm-none-eabi/7.3.1/../../../../arm-none-eabi/lib/thumb/v6-m\libg_nano.a
LOAD f:/programs/stm32cubeide_1.4.0/stm32cubeide/plugins/com.st.stm32cube.ide.mcu.externaltools.gnu-tools-for-stm32.7-2018-q2-update.win32_1.4.0.202007081208/tools/bin/../lib/gcc/arm-none-eabi/7.3.1/../../../../arm-none-eabi/lib/thumb/v6-m\libc_nano.a
END GROUP
START GROUP
LOAD f:/programs/stm32cubeide_1.4.0/stm32cubeide/plugins/com.st.stm32cube.ide.mcu.externaltools.gnu-tools-for-stm32.7-2018-q2-update.win32_1.4.0.202007081208/tools/bin/../lib/gcc/arm-none-eabi/7.3.1/thumb/v6-m\libgcc.a
LOAD f:/programs/stm32cubeide_1.4.0/stm32cubeide/plugins/com.st.stm32cube.ide.mcu.externaltools.gnu-tools-for-stm32.7-2018-q2-update.win32_1.4.0.202007081208/tools/bin/../lib/gcc/arm-none-eabi/7.3.1/../../../../arm-none-eabi/lib/thumb/v6-m\libc_nano.a
LOAD f:/programs/stm32cubeide_1.4.0/stm32cubeide/plugins/com.st.stm32cube.ide.mcu.externaltools.gnu-tools-for-stm32.7-2018-q2-update.win32_1.4.0.202007081208/tools/bin/../lib/gcc/arm-none-eabi/7.3.1/../../../../arm-none-eabi/lib/thumb/v6-m\libnosys.a
END GROUP
START GROUP
LOAD f:/programs/stm32cubeide_1.4.0/stm32cubeide/plugins/com.st.stm32cube.ide.mcu.externaltools.gnu-tools-for-stm32.7-2018-q2-update.win32_1.4.0.202007081208/tools/bin/../lib/gcc/arm-none-eabi/7.3.1/thumb/v6-m\libgcc.a
LOAD f:/programs/stm32cubeide_1.4.0/stm32cubeide/plugins/com.st.stm32cube.ide.mcu.externaltools.gnu-tools-for-stm32.7-2018-q2-update.win32_1.4.0.202007081208/tools/bin/../lib/gcc/arm-none-eabi/7.3.1/../../../../arm-none-eabi/lib/thumb/v6-m\libc_nano.a
LOAD f:/programs/stm32cubeide_1.4.0/stm32cubeide/plugins/com.st.stm32cube.ide.mcu.externaltools.gnu-tools-for-stm32.7-2018-q2-update.win32_1.4.0.202007081208/tools/bin/../lib/gcc/arm-none-eabi/7.3.1/../../../../arm-none-eabi/lib/thumb/v6-m\libnosys.a
END GROUP
LOAD f:/programs/stm32cubeide_1.4.0/stm32cubeide/plugins/com.st.stm32cube.ide.mcu.externaltools.gnu-tools-for-stm32.7-2018-q2-update.win32_1.4.0.202007081208/tools/bin/../lib/gcc/arm-none-eabi/7.3.1/thumb/v6-m/crtend.o
LOAD f:/programs/stm32cubeide_1.4.0/stm32cubeide/plugins/com.st.stm32cube.ide.mcu.externaltools.gnu-tools-for-stm32.7-2018-q2-update.win32_1.4.0.202007081208/tools/bin/../lib/gcc/arm-none-eabi/7.3.1/thumb/v6-m/crtn.o
                0x0000000020001000                _estack = (ORIGIN (RAM) + LENGTH (RAM))
                0x0000000000000200                _Min_Heap_Size = 0x200
                0x0000000000000400                _Min_Stack_Size = 0x400

.isr_vector     0x0000000008000000      0x130
                0x0000000008000000                . = ALIGN (0x4)
 *(.isr_vector)
 .isr_vector    0x0000000008000000      0x130 Startup/startup_stm32f030c6tx.o
                0x0000000008000000                g_pfnVectors
                0x0000000008000130                . = ALIGN (0x4)

.text           0x0000000008000130     0x1130
                0x0000000008000130                . = ALIGN (0x4)
 *(.text)
 .text          0x0000000008000130       0x48 f:/programs/stm32cubeide_1.4.0/stm32cubeide/plugins/com.st.stm32cube.ide.mcu.externaltools.gnu-tools-for-stm32.7-2018-q2-update.win32_1.4.0.202007081208/tools/bin/../lib/gcc/arm-none-eabi/7.3.1/thumb/v6-m/crtbegin.o
 .text          0x0000000008000178      0x114 f:/programs/stm32cubeide_1.4.0/stm32cubeide/plugins/com.st.stm32cube.ide.mcu.externaltools.gnu-tools-for-stm32.7-2018-q2-update.win32_1.4.0.202007081208/tools/bin/../lib/gcc/arm-none-eabi/7.3.1/thumb/v6-m\libgcc.a(_udivsi3.o)
                0x0000000008000178                __aeabi_uidiv
                0x0000000008000178                __udivsi3
                0x0000000008000284                __aeabi_uidivmod
 .text          0x000000000800028c        0x4 f:/programs/stm32cubeide_1.4.0/stm32cubeide/plugins/com.st.stm32cube.ide.mcu.externaltools.gnu-tools-for-stm32.7-2018-q2-update.win32_1.4.0.202007081208/tools/bin/../lib/gcc/arm-none-eabi/7.3.1/thumb/v6-m\libgcc.a(_dvmd_tls.o)
                0x000000000800028c                __aeabi_idiv0
                0x000000000800028c                __aeabi_ldiv0
 *(.text*)
 .text.EEPROM_Init
                0x0000000008000290       0x4c HAL/EEPROM/I2C_Slave_EEPROM.o
                0x0000000008000290                EEPROM_Init
 .text.EEPROM_Write_NBytes
                0x00000000080002dc       0xd8 HAL/EEPROM/I2C_Slave_EEPROM.o
                0x00000000080002dc                EEPROM_Write_NBytes
 .text.EEPROM_Read_Byte
                0x00000000080003b4       0x5c HAL/EEPROM/I2C_Slave_EEPROM.o
                0x00000000080003b4                EEPROM_Read_Byte
 .text.EXTI0_IRQHandler
                0x0000000008000410       0x30 STM32F103C6_Drivers/MCAL/EXTI.o
                0x0000000008000410                EXTI0_IRQHandler
 .text.EXTI1_IRQHandler
                0x0000000008000440       0x30 STM32F103C6_Drivers/MCAL/EXTI.o
                0x0000000008000440                EXTI1_IRQHandler
 .text.EXTI2_IRQHandler
                0x0000000008000470       0x30 STM32F103C6_Drivers/MCAL/EXTI.o
                0x0000000008000470                EXTI2_IRQHandler
 .text.EXTI3_IRQHandler
                0x00000000080004a0       0x30 STM32F103C6_Drivers/MCAL/EXTI.o
                0x00000000080004a0                EXTI3_IRQHandler
 .text.EXTI4_IRQHandler
                0x00000000080004d0       0x30 STM32F103C6_Drivers/MCAL/EXTI.o
                0x00000000080004d0                EXTI4_IRQHandler
 .text.EXTI5_9_IRQHandler
                0x0000000008000500       0xa8 STM32F103C6_Drivers/MCAL/EXTI.o
                0x0000000008000500                EXTI5_9_IRQHandler
 .text.EXTI10_15_IRQHandler
                0x00000000080005a8       0xd4 STM32F103C6_Drivers/MCAL/EXTI.o
                0x00000000080005a8                EXTI10_15_IRQHandler
 .text.GPIO_SetPinDirection
                0x000000000800067c       0x9c STM32F103C6_Drivers/MCAL/GPIO.o
                0x000000000800067c                GPIO_SetPinDirection
 .text.I2C_Init
                0x0000000008000718      0x270 STM32F103C6_Drivers/MCAL/I2C.o
                0x0000000008000718                I2C_Init
 .text.I2C_GPIO_SetPins
                0x0000000008000988       0x60 STM32F103C6_Drivers/MCAL/I2C.o
                0x0000000008000988                I2C_GPIO_SetPins
 .text.I2C_Master_TX
                0x00000000080009e8       0xd8 STM32F103C6_Drivers/MCAL/I2C.o
                0x00000000080009e8                I2C_Master_TX
 .text.I2C_Master_RX
                0x0000000008000ac0      0x100 STM32F103C6_Drivers/MCAL/I2C.o
                0x0000000008000ac0                I2C_Master_RX
 .text.I2C_Generate_START
                0x0000000008000bc0       0x60 STM32F103C6_Drivers/MCAL/I2C.o
                0x0000000008000bc0                I2C_Generate_START
 .text.I2C_Generate_STOP
                0x0000000008000c20       0x40 STM32F103C6_Drivers/MCAL/I2C.o
                0x0000000008000c20                I2C_Generate_STOP
 .text.I2C_AcknowledgeConfig
                0x0000000008000c60       0x40 STM32F103C6_Drivers/MCAL/I2C.o
                0x0000000008000c60                I2C_AcknowledgeConfig
 .text.I2C_SendAddress
                0x0000000008000ca0       0x54 STM32F103C6_Drivers/MCAL/I2C.o
                0x0000000008000ca0                I2C_SendAddress
 .text.I2C_Get_FlagStatus
                0x0000000008000cf4      0x124 STM32F103C6_Drivers/MCAL/I2C.o
                0x0000000008000cf4                I2C_Get_FlagStatus
 .text.RCC_GetSYCLKFreq
                0x0000000008000e18       0x3c STM32F103C6_Drivers/MCAL/RCC.o
                0x0000000008000e18                RCC_GetSYCLKFreq
 .text.RCC_GetHCLKFreq
                0x0000000008000e54       0x2c STM32F103C6_Drivers/MCAL/RCC.o
                0x0000000008000e54                RCC_GetHCLKFreq
 .text.RCC_GetPCLK1Freq
                0x0000000008000e80       0x2c STM32F103C6_Drivers/MCAL/RCC.o
                0x0000000008000e80                RCC_GetPCLK1Freq
 .text.SPI1_IRQHandler
                0x0000000008000eac       0x58 STM32F103C6_Drivers/MCAL/SPI.o
                0x0000000008000eac                SPI1_IRQHandler
 .text.SPI2_IRQHandler
                0x0000000008000f04       0x58 STM32F103C6_Drivers/MCAL/SPI.o
                0x0000000008000f04                SPI2_IRQHandler
 .text.USART1_IRQHandler
                0x0000000008000f5c       0x94 STM32F103C6_Drivers/MCAL/USART.o
                0x0000000008000f5c                USART1_IRQHandler
 .text.USART2_IRQHandler
                0x0000000008000ff0       0x94 STM32F103C6_Drivers/MCAL/USART.o
                0x0000000008000ff0                USART2_IRQHandler
 .text.USART3_IRQHandler
                0x0000000008001084       0x94 STM32F103C6_Drivers/MCAL/USART.o
                0x0000000008001084                USART3_IRQHandler
 .text.main     0x0000000008001118       0x84 Src/main.o
                0x0000000008001118                main
 .text.Reset_Handler
                0x000000000800119c       0x50 Startup/startup_stm32f030c6tx.o
                0x000000000800119c                Reset_Handler
 .text.Default_Handler
                0x00000000080011ec        0x2 Startup/startup_stm32f030c6tx.o
                0x00000000080011ec                TIM8_TRG_COM_IRQHandler
                0x00000000080011ec                TIM8_CC_IRQHandler
                0x00000000080011ec                DebugMon_Handler
                0x00000000080011ec                TIM1_CC_IRQHandler
                0x00000000080011ec                HardFault_Handler
                0x00000000080011ec                TIM6_IRQHandler
                0x00000000080011ec                SysTick_Handler
                0x00000000080011ec                PVD_IRQHandler
                0x00000000080011ec                SDIO_IRQHandler
                0x00000000080011ec                PendSV_Handler
                0x00000000080011ec                NMI_Handler
                0x00000000080011ec                USB_HP_CAN_TX_IRQHandler
                0x00000000080011ec                I2C2_EV_IRQHandler
                0x00000000080011ec                UsageFault_Handler
                0x00000000080011ec                ADC1_2_IRQHandler
                0x00000000080011ec                CAN_SCE_IRQHandler
                0x00000000080011ec                TAMPER_IRQHandler
                0x00000000080011ec                TIM8_UP_IRQHandler
                0x00000000080011ec                DMA2_Channel2_IRQHandler
                0x00000000080011ec                DMA1_Channel4_IRQHandler
                0x00000000080011ec                RTC_IRQHandler
                0x00000000080011ec                DMA1_Channel7_IRQHandler
                0x00000000080011ec                UART5_IRQHandler
                0x00000000080011ec                ADC3_IRQHandler
                0x00000000080011ec                TIM4_IRQHandler
                0x00000000080011ec                CAN_RX1_IRQHandler
                0x00000000080011ec                DMA2_Channel1_IRQHandler
                0x00000000080011ec                I2C1_EV_IRQHandler
                0x00000000080011ec                DMA1_Channel6_IRQHandler
                0x00000000080011ec                UART4_IRQHandler
                0x00000000080011ec                TIM3_IRQHandler
                0x00000000080011ec                RCC_IRQHandler
                0x00000000080011ec                TIM1_TRG_COM_IRQHandler
                0x00000000080011ec                DMA1_Channel1_IRQHandler
                0x00000000080011ec                Default_Handler
                0x00000000080011ec                TIM7_IRQHandler
                0x00000000080011ec                TIM5_IRQHandler
                0x00000000080011ec                USB_LP_CAN_RX0_IRQHandler
                0x00000000080011ec                MemManage_Handler
                0x00000000080011ec                SVC_Handler
                0x00000000080011ec                DMA1_Channel5_IRQHandler
                0x00000000080011ec                DMA1_Channel3_IRQHandler
                0x00000000080011ec                FSMC_IRQHandler
                0x00000000080011ec                TIM1_UP_IRQHandler
                0x00000000080011ec                WWDG_IRQHandler
                0x00000000080011ec                TIM2_IRQHandler
                0x00000000080011ec                TIM1_BRK_IRQHandler
                0x00000000080011ec                RTCAlarm_IRQHandler
                0x00000000080011ec                DMA2_Channel4_5_IRQHandler
                0x00000000080011ec                I2C2_ER_IRQHandler
                0x00000000080011ec                DMA1_Channel2_IRQHandler
                0x00000000080011ec                TIM8_BRK_IRQHandler
                0x00000000080011ec                FLASH_IRQHandler
                0x00000000080011ec                BusFault_Handler
                0x00000000080011ec                SPI3_IRQHandler
                0x00000000080011ec                I2C1_ER_IRQHandler
                0x00000000080011ec                DMA2_Channel3_IRQHandler
 *fill*         0x00000000080011ee        0x2 
 .text.__libc_init_array
                0x00000000080011f0       0x48 f:/programs/stm32cubeide_1.4.0/stm32cubeide/plugins/com.st.stm32cube.ide.mcu.externaltools.gnu-tools-for-stm32.7-2018-q2-update.win32_1.4.0.202007081208/tools/bin/../lib/gcc/arm-none-eabi/7.3.1/../../../../arm-none-eabi/lib/thumb/v6-m\libc_nano.a(lib_a-init.o)
                0x00000000080011f0                __libc_init_array
 .text.memset   0x0000000008001238       0x10 f:/programs/stm32cubeide_1.4.0/stm32cubeide/plugins/com.st.stm32cube.ide.mcu.externaltools.gnu-tools-for-stm32.7-2018-q2-update.win32_1.4.0.202007081208/tools/bin/../lib/gcc/arm-none-eabi/7.3.1/../../../../arm-none-eabi/lib/thumb/v6-m\libc_nano.a(lib_a-memset.o)
                0x0000000008001238                memset
 *(.glue_7)
 .glue_7        0x0000000008001248        0x0 linker stubs
 *(.glue_7t)
 .glue_7t       0x0000000008001248        0x0 linker stubs
 *(.eh_frame)
 .eh_frame      0x0000000008001248        0x0 f:/programs/stm32cubeide_1.4.0/stm32cubeide/plugins/com.st.stm32cube.ide.mcu.externaltools.gnu-tools-for-stm32.7-2018-q2-update.win32_1.4.0.202007081208/tools/bin/../lib/gcc/arm-none-eabi/7.3.1/thumb/v6-m/crtbegin.o
 *(.init)
 .init          0x0000000008001248        0x4 f:/programs/stm32cubeide_1.4.0/stm32cubeide/plugins/com.st.stm32cube.ide.mcu.externaltools.gnu-tools-for-stm32.7-2018-q2-update.win32_1.4.0.202007081208/tools/bin/../lib/gcc/arm-none-eabi/7.3.1/thumb/v6-m/crti.o
                0x0000000008001248                _init
 .init          0x000000000800124c        0x8 f:/programs/stm32cubeide_1.4.0/stm32cubeide/plugins/com.st.stm32cube.ide.mcu.externaltools.gnu-tools-for-stm32.7-2018-q2-update.win32_1.4.0.202007081208/tools/bin/../lib/gcc/arm-none-eabi/7.3.1/thumb/v6-m/crtn.o
 *(.fini)
 .fini          0x0000000008001254        0x4 f:/programs/stm32cubeide_1.4.0/stm32cubeide/plugins/com.st.stm32cube.ide.mcu.externaltools.gnu-tools-for-stm32.7-2018-q2-update.win32_1.4.0.202007081208/tools/bin/../lib/gcc/arm-none-eabi/7.3.1/thumb/v6-m/crti.o
                0x0000000008001254                _fini
 .fini          0x0000000008001258        0x8 f:/programs/stm32cubeide_1.4.0/stm32cubeide/plugins/com.st.stm32cube.ide.mcu.externaltools.gnu-tools-for-stm32.7-2018-q2-update.win32_1.4.0.202007081208/tools/bin/../lib/gcc/arm-none-eabi/7.3.1/thumb/v6-m/crtn.o
                0x0000000008001260                . = ALIGN (0x4)
                0x0000000008001260                _etext = .

.vfp11_veneer   0x0000000008001260        0x0
 .vfp11_veneer  0x0000000008001260        0x0 linker stubs

.v4_bx          0x0000000008001260        0x0
 .v4_bx         0x0000000008001260        0x0 linker stubs

.iplt           0x0000000008001260        0x0
 .iplt          0x0000000008001260        0x0 f:/programs/stm32cubeide_1.4.0/stm32cubeide/plugins/com.st.stm32cube.ide.mcu.externaltools.gnu-tools-for-stm32.7-2018-q2-update.win32_1.4.0.202007081208/tools/bin/../lib/gcc/arm-none-eabi/7.3.1/thumb/v6-m/crtbegin.o

.rodata         0x0000000008001260       0x20
                0x0000000008001260                . = ALIGN (0x4)
 *(.rodata)
 .rodata        0x0000000008001260        0x7 Src/main.o
 *(.rodata*)
 *fill*         0x0000000008001267        0x1 
 .rodata.APBPrescaler
                0x0000000008001268        0x8 STM32F103C6_Drivers/MCAL/RCC.o
                0x0000000008001268                APBPrescaler
 .rodata.AHBPrescaler
                0x0000000008001270       0x10 STM32F103C6_Drivers/MCAL/RCC.o
                0x0000000008001270                AHBPrescaler
                0x0000000008001280                . = ALIGN (0x4)

.rel.dyn        0x0000000008001280        0x0
 .rel.iplt      0x0000000008001280        0x0 f:/programs/stm32cubeide_1.4.0/stm32cubeide/plugins/com.st.stm32cube.ide.mcu.externaltools.gnu-tools-for-stm32.7-2018-q2-update.win32_1.4.0.202007081208/tools/bin/../lib/gcc/arm-none-eabi/7.3.1/thumb/v6-m/crtbegin.o

.ARM.extab      0x0000000008001280        0x0
                0x0000000008001280                . = ALIGN (0x4)
 *(.ARM.extab* .gnu.linkonce.armextab.*)
                0x0000000008001280                . = ALIGN (0x4)

.ARM            0x0000000008001280        0x0
                0x0000000008001280                . = ALIGN (0x4)
                0x0000000008001280                __exidx_start = .
 *(.ARM.exidx*)
                0x0000000008001280                __exidx_end = .
                0x0000000008001280                . = ALIGN (0x4)

.preinit_array  0x0000000008001280        0x0
                0x0000000008001280                . = ALIGN (0x4)
                0x0000000008001280                PROVIDE (__preinit_array_start = .)
 *(.preinit_array*)
                0x0000000008001280                PROVIDE (__preinit_array_end = .)
                0x0000000008001280                . = ALIGN (0x4)

.init_array     0x0000000008001280        0x4
                0x0000000008001280                . = ALIGN (0x4)
                0x0000000008001280                PROVIDE (__init_array_start = .)
 *(SORT_BY_NAME(.init_array.*))
 *(.init_array*)
 .init_array    0x0000000008001280        0x4 f:/programs/stm32cubeide_1.4.0/stm32cubeide/plugins/com.st.stm32cube.ide.mcu.externaltools.gnu-tools-for-stm32.7-2018-q2-update.win32_1.4.0.202007081208/tools/bin/../lib/gcc/arm-none-eabi/7.3.1/thumb/v6-m/crtbegin.o
                0x0000000008001284                PROVIDE (__init_array_end = .)
                0x0000000008001284                . = ALIGN (0x4)

.fini_array     0x0000000008001284        0x4
                0x0000000008001284                . = ALIGN (0x4)
                [!provide]                        PROVIDE (__fini_array_start = .)
 *(SORT_BY_NAME(.fini_array.*))
 *(.fini_array*)
 .fini_array    0x0000000008001284        0x4 f:/programs/stm32cubeide_1.4.0/stm32cubeide/plugins/com.st.stm32cube.ide.mcu.externaltools.gnu-tools-for-stm32.7-2018-q2-update.win32_1.4.0.202007081208/tools/bin/../lib/gcc/arm-none-eabi/7.3.1/thumb/v6-m/crtbegin.o
                [!provide]                        PROVIDE (__fini_array_end = .)
                0x0000000008001288                . = ALIGN (0x4)
                0x0000000008001288                _sidata = LOADADDR (.data)

.data           0x0000000020000000        0x0 load address 0x0000000008001288
                0x0000000020000000                . = ALIGN (0x4)
                0x0000000020000000                _sdata = .
 *(.data)
 *(.data*)
                0x0000000020000000                . = ALIGN (0x4)
                0x0000000020000000                _edata = .

.igot.plt       0x0000000020000000        0x0 load address 0x0000000008001288
 .igot.plt      0x0000000020000000        0x0 f:/programs/stm32cubeide_1.4.0/stm32cubeide/plugins/com.st.stm32cube.ide.mcu.externaltools.gnu-tools-for-stm32.7-2018-q2-update.win32_1.4.0.202007081208/tools/bin/../lib/gcc/arm-none-eabi/7.3.1/thumb/v6-m/crtbegin.o
                0x0000000020000000                . = ALIGN (0x4)

.bss            0x0000000020000000       0xa4 load address 0x0000000008001288
                0x0000000020000000                _sbss = .
                0x0000000020000000                __bss_start__ = _sbss
 *(.bss)
 .bss           0x0000000020000000       0x1c f:/programs/stm32cubeide_1.4.0/stm32cubeide/plugins/com.st.stm32cube.ide.mcu.externaltools.gnu-tools-for-stm32.7-2018-q2-update.win32_1.4.0.202007081208/tools/bin/../lib/gcc/arm-none-eabi/7.3.1/thumb/v6-m/crtbegin.o
 *(.bss*)
 .bss.G_SPI_Config
                0x000000002000001c        0x8 STM32F103C6_Drivers/MCAL/SPI.o
                0x000000002000001c                G_SPI_Config
 .bss.Global_USART_Config
                0x0000000020000024        0x4 STM32F103C6_Drivers/MCAL/USART.o
                0x0000000020000024                Global_USART_Config
 *(COMMON)
 COMMON         0x0000000020000028       0x3c STM32F103C6_Drivers/MCAL/EXTI.o
                0x0000000020000028                GP_IRQ_CallBack
 COMMON         0x0000000020000064       0x40 STM32F103C6_Drivers/MCAL/I2C.o
                0x0000000020000064                G_I2C_Config
                0x00000000200000a4                . = ALIGN (0x4)
                0x00000000200000a4                _ebss = .
                0x00000000200000a4                __bss_end__ = _ebss

._user_heap_stack
                0x00000000200000a4      0x604 load address 0x0000000008001288
                0x00000000200000a8                . = ALIGN (0x8)
 *fill*         0x00000000200000a4        0x4 
                [!provide]                        PROVIDE (end = .)
                0x00000000200000a8                PROVIDE (_end = .)
                0x00000000200002a8                . = (. + _Min_Heap_Size)
 *fill*         0x00000000200000a8      0x200 
                0x00000000200006a8                . = (. + _Min_Stack_Size)
 *fill*         0x00000000200002a8      0x400 
                0x00000000200006a8                . = ALIGN (0x8)

/DISCARD/
 libc.a(*)
 libm.a(*)
 libgcc.a(*)

.ARM.attributes
                0x0000000000000000       0x2d
 *(.ARM.attributes)
 .ARM.attributes
                0x0000000000000000       0x1e f:/programs/stm32cubeide_1.4.0/stm32cubeide/plugins/com.st.stm32cube.ide.mcu.externaltools.gnu-tools-for-stm32.7-2018-q2-update.win32_1.4.0.202007081208/tools/bin/../lib/gcc/arm-none-eabi/7.3.1/thumb/v6-m/crti.o
 .ARM.attributes
                0x000000000000001e       0x2c f:/programs/stm32cubeide_1.4.0/stm32cubeide/plugins/com.st.stm32cube.ide.mcu.externaltools.gnu-tools-for-stm32.7-2018-q2-update.win32_1.4.0.202007081208/tools/bin/../lib/gcc/arm-none-eabi/7.3.1/thumb/v6-m/crtbegin.o
 .ARM.attributes
                0x000000000000004a       0x31 HAL/EEPROM/I2C_Slave_EEPROM.o
 .ARM.attributes
                0x000000000000007b       0x31 STM32F103C6_Drivers/MCAL/EXTI.o
 .ARM.attributes
                0x00000000000000ac       0x31 STM32F103C6_Drivers/MCAL/GPIO.o
 .ARM.attributes
                0x00000000000000dd       0x31 STM32F103C6_Drivers/MCAL/I2C.o
 .ARM.attributes
                0x000000000000010e       0x31 STM32F103C6_Drivers/MCAL/RCC.o
 .ARM.attributes
                0x000000000000013f       0x31 STM32F103C6_Drivers/MCAL/SPI.o
 .ARM.attributes
                0x0000000000000170       0x31 STM32F103C6_Drivers/MCAL/USART.o
 .ARM.attributes
                0x00000000000001a1       0x31 Src/main.o
 .ARM.attributes
                0x00000000000001d2       0x21 Startup/startup_stm32f030c6tx.o
 .ARM.attributes
                0x00000000000001f3       0x2c f:/programs/stm32cubeide_1.4.0/stm32cubeide/plugins/com.st.stm32cube.ide.mcu.externaltools.gnu-tools-for-stm32.7-2018-q2-update.win32_1.4.0.202007081208/tools/bin/../lib/gcc/arm-none-eabi/7.3.1/../../../../arm-none-eabi/lib/thumb/v6-m\libc_nano.a(lib_a-init.o)
 .ARM.attributes
                0x000000000000021f       0x2c f:/programs/stm32cubeide_1.4.0/stm32cubeide/plugins/com.st.stm32cube.ide.mcu.externaltools.gnu-tools-for-stm32.7-2018-q2-update.win32_1.4.0.202007081208/tools/bin/../lib/gcc/arm-none-eabi/7.3.1/../../../../arm-none-eabi/lib/thumb/v6-m\libc_nano.a(lib_a-memset.o)
 .ARM.attributes
                0x000000000000024b       0x1e f:/programs/stm32cubeide_1.4.0/stm32cubeide/plugins/com.st.stm32cube.ide.mcu.externaltools.gnu-tools-for-stm32.7-2018-q2-update.win32_1.4.0.202007081208/tools/bin/../lib/gcc/arm-none-eabi/7.3.1/thumb/v6-m\libgcc.a(_udivsi3.o)
 .ARM.attributes
                0x0000000000000269       0x1e f:/programs/stm32cubeide_1.4.0/stm32cubeide/plugins/com.st.stm32cube.ide.mcu.externaltools.gnu-tools-for-stm32.7-2018-q2-update.win32_1.4.0.202007081208/tools/bin/../lib/gcc/arm-none-eabi/7.3.1/thumb/v6-m\libgcc.a(_dvmd_tls.o)
 .ARM.attributes
                0x0000000000000287       0x1e f:/programs/stm32cubeide_1.4.0/stm32cubeide/plugins/com.st.stm32cube.ide.mcu.externaltools.gnu-tools-for-stm32.7-2018-q2-update.win32_1.4.0.202007081208/tools/bin/../lib/gcc/arm-none-eabi/7.3.1/thumb/v6-m/crtn.o
OUTPUT(Drivers.elf elf32-littlearm)

.debug_info     0x0000000000000000     0x6a01
 .debug_info    0x0000000000000000      0xc5a HAL/EEPROM/I2C_Slave_EEPROM.o
 .debug_info    0x0000000000000c5a      0xde9 STM32F103C6_Drivers/MCAL/EXTI.o
 .debug_info    0x0000000000001a43      0xbeb STM32F103C6_Drivers/MCAL/GPIO.o
 .debug_info    0x000000000000262e     0x1156 STM32F103C6_Drivers/MCAL/I2C.o
 .debug_info    0x0000000000003784      0xaf4 STM32F103C6_Drivers/MCAL/RCC.o
 .debug_info    0x0000000000004278      0xf2d STM32F103C6_Drivers/MCAL/SPI.o
 .debug_info    0x00000000000051a5      0xe79 STM32F103C6_Drivers/MCAL/USART.o
 .debug_info    0x000000000000601e      0x9c1 Src/main.o
 .debug_info    0x00000000000069df       0x22 Startup/startup_stm32f030c6tx.o

.debug_abbrev   0x0000000000000000      0xf8c
 .debug_abbrev  0x0000000000000000      0x1cd HAL/EEPROM/I2C_Slave_EEPROM.o
 .debug_abbrev  0x00000000000001cd      0x219 STM32F103C6_Drivers/MCAL/EXTI.o
 .debug_abbrev  0x00000000000003e6      0x1be STM32F103C6_Drivers/MCAL/GPIO.o
 .debug_abbrev  0x00000000000005a4      0x26b STM32F103C6_Drivers/MCAL/I2C.o
 .debug_abbrev  0x000000000000080f      0x1a6 STM32F103C6_Drivers/MCAL/RCC.o
 .debug_abbrev  0x00000000000009b5      0x247 STM32F103C6_Drivers/MCAL/SPI.o
 .debug_abbrev  0x0000000000000bfc      0x203 STM32F103C6_Drivers/MCAL/USART.o
 .debug_abbrev  0x0000000000000dff      0x17b Src/main.o
 .debug_abbrev  0x0000000000000f7a       0x12 Startup/startup_stm32f030c6tx.o

.debug_loc      0x0000000000000000      0xb4e
 .debug_loc     0x0000000000000000       0xaa HAL/EEPROM/I2C_Slave_EEPROM.o
 .debug_loc     0x00000000000000aa      0x278 STM32F103C6_Drivers/MCAL/EXTI.o
 .debug_loc     0x0000000000000322      0x188 STM32F103C6_Drivers/MCAL/GPIO.o
 .debug_loc     0x00000000000004aa      0x230 STM32F103C6_Drivers/MCAL/I2C.o
 .debug_loc     0x00000000000006da       0xbc STM32F103C6_Drivers/MCAL/RCC.o
 .debug_loc     0x0000000000000796      0x1c0 STM32F103C6_Drivers/MCAL/SPI.o
 .debug_loc     0x0000000000000956      0x1c0 STM32F103C6_Drivers/MCAL/USART.o
 .debug_loc     0x0000000000000b16       0x38 Src/main.o

.debug_aranges  0x0000000000000000      0x298
 .debug_aranges
                0x0000000000000000       0x30 HAL/EEPROM/I2C_Slave_EEPROM.o
 .debug_aranges
                0x0000000000000030       0x80 STM32F103C6_Drivers/MCAL/EXTI.o
 .debug_aranges
                0x00000000000000b0       0x50 STM32F103C6_Drivers/MCAL/GPIO.o
 .debug_aranges
                0x0000000000000100       0x68 STM32F103C6_Drivers/MCAL/I2C.o
 .debug_aranges
                0x0000000000000168       0x38 STM32F103C6_Drivers/MCAL/RCC.o
 .debug_aranges
                0x00000000000001a0       0x58 STM32F103C6_Drivers/MCAL/SPI.o
 .debug_aranges
                0x00000000000001f8       0x58 STM32F103C6_Drivers/MCAL/USART.o
 .debug_aranges
                0x0000000000000250       0x20 Src/main.o
 .debug_aranges
                0x0000000000000270       0x28 Startup/startup_stm32f030c6tx.o

.debug_ranges   0x0000000000000000      0x210
 .debug_ranges  0x0000000000000000       0x20 HAL/EEPROM/I2C_Slave_EEPROM.o
 .debug_ranges  0x0000000000000020       0x70 STM32F103C6_Drivers/MCAL/EXTI.o
 .debug_ranges  0x0000000000000090       0x40 STM32F103C6_Drivers/MCAL/GPIO.o
 .debug_ranges  0x00000000000000d0       0x58 STM32F103C6_Drivers/MCAL/I2C.o
 .debug_ranges  0x0000000000000128       0x28 STM32F103C6_Drivers/MCAL/RCC.o
 .debug_ranges  0x0000000000000150       0x48 STM32F103C6_Drivers/MCAL/SPI.o
 .debug_ranges  0x0000000000000198       0x48 STM32F103C6_Drivers/MCAL/USART.o
 .debug_ranges  0x00000000000001e0       0x10 Src/main.o
 .debug_ranges  0x00000000000001f0       0x20 Startup/startup_stm32f030c6tx.o

.debug_macro    0x0000000000000000     0x31f0
 .debug_macro   0x0000000000000000      0x1f2 HAL/EEPROM/I2C_Slave_EEPROM.o
 .debug_macro   0x00000000000001f2      0xa4e HAL/EEPROM/I2C_Slave_EEPROM.o
 .debug_macro   0x0000000000000c40       0x22 HAL/EEPROM/I2C_Slave_EEPROM.o
 .debug_macro   0x0000000000000c62       0x40 HAL/EEPROM/I2C_Slave_EEPROM.o
 .debug_macro   0x0000000000000ca2       0x18 HAL/EEPROM/I2C_Slave_EEPROM.o
 .debug_macro   0x0000000000000cba       0x94 HAL/EEPROM/I2C_Slave_EEPROM.o
 .debug_macro   0x0000000000000d4e       0x3c HAL/EEPROM/I2C_Slave_EEPROM.o
 .debug_macro   0x0000000000000d8a       0x34 HAL/EEPROM/I2C_Slave_EEPROM.o
 .debug_macro   0x0000000000000dbe       0x16 HAL/EEPROM/I2C_Slave_EEPROM.o
 .debug_macro   0x0000000000000dd4       0x57 HAL/EEPROM/I2C_Slave_EEPROM.o
 .debug_macro   0x0000000000000e2b       0x97 HAL/EEPROM/I2C_Slave_EEPROM.o
 .debug_macro   0x0000000000000ec2      0x330 HAL/EEPROM/I2C_Slave_EEPROM.o
 .debug_macro   0x00000000000011f2       0xfd HAL/EEPROM/I2C_Slave_EEPROM.o
 .debug_macro   0x00000000000012ef       0x10 HAL/EEPROM/I2C_Slave_EEPROM.o
 .debug_macro   0x00000000000012ff       0x52 HAL/EEPROM/I2C_Slave_EEPROM.o
 .debug_macro   0x0000000000001351       0x1f HAL/EEPROM/I2C_Slave_EEPROM.o
 .debug_macro   0x0000000000001370       0x43 HAL/EEPROM/I2C_Slave_EEPROM.o
 .debug_macro   0x00000000000013b3       0x20 HAL/EEPROM/I2C_Slave_EEPROM.o
 .debug_macro   0x00000000000013d3      0x1a3 HAL/EEPROM/I2C_Slave_EEPROM.o
 .debug_macro   0x0000000000001576       0x10 HAL/EEPROM/I2C_Slave_EEPROM.o
 .debug_macro   0x0000000000001586       0x6a HAL/EEPROM/I2C_Slave_EEPROM.o
 .debug_macro   0x00000000000015f0       0x1c HAL/EEPROM/I2C_Slave_EEPROM.o
 .debug_macro   0x000000000000160c       0x52 HAL/EEPROM/I2C_Slave_EEPROM.o
 .debug_macro   0x000000000000165e       0x40 HAL/EEPROM/I2C_Slave_EEPROM.o
 .debug_macro   0x000000000000169e       0x10 HAL/EEPROM/I2C_Slave_EEPROM.o
 .debug_macro   0x00000000000016ae       0x40 HAL/EEPROM/I2C_Slave_EEPROM.o
 .debug_macro   0x00000000000016ee       0xd7 HAL/EEPROM/I2C_Slave_EEPROM.o
 .debug_macro   0x00000000000017c5       0x1c HAL/EEPROM/I2C_Slave_EEPROM.o
 .debug_macro   0x00000000000017e1       0x3d HAL/EEPROM/I2C_Slave_EEPROM.o
 .debug_macro   0x000000000000181e       0x16 HAL/EEPROM/I2C_Slave_EEPROM.o
 .debug_macro   0x0000000000001834      0x145 HAL/EEPROM/I2C_Slave_EEPROM.o
 .debug_macro   0x0000000000001979       0x46 HAL/EEPROM/I2C_Slave_EEPROM.o
 .debug_macro   0x00000000000019bf       0x1c HAL/EEPROM/I2C_Slave_EEPROM.o
 .debug_macro   0x00000000000019db      0x608 HAL/EEPROM/I2C_Slave_EEPROM.o
 .debug_macro   0x0000000000001fe3       0xee HAL/EEPROM/I2C_Slave_EEPROM.o
 .debug_macro   0x00000000000020d1       0x16 HAL/EEPROM/I2C_Slave_EEPROM.o
 .debug_macro   0x00000000000020e7       0x40 HAL/EEPROM/I2C_Slave_EEPROM.o
 .debug_macro   0x0000000000002127      0x1df STM32F103C6_Drivers/MCAL/EXTI.o
 .debug_macro   0x0000000000002306      0x224 STM32F103C6_Drivers/MCAL/EXTI.o
 .debug_macro   0x000000000000252a      0x1c6 STM32F103C6_Drivers/MCAL/GPIO.o
 .debug_macro   0x00000000000026f0      0x1ee STM32F103C6_Drivers/MCAL/I2C.o
 .debug_macro   0x00000000000028de      0x1c6 STM32F103C6_Drivers/MCAL/RCC.o
 .debug_macro   0x0000000000002aa4       0x10 STM32F103C6_Drivers/MCAL/RCC.o
 .debug_macro   0x0000000000002ab4      0x1f1 STM32F103C6_Drivers/MCAL/SPI.o
 .debug_macro   0x0000000000002ca5       0xbe STM32F103C6_Drivers/MCAL/SPI.o
 .debug_macro   0x0000000000002d63      0x1e2 STM32F103C6_Drivers/MCAL/USART.o
 .debug_macro   0x0000000000002f45       0xac STM32F103C6_Drivers/MCAL/USART.o
 .debug_macro   0x0000000000002ff1      0x1ef Src/main.o
 .debug_macro   0x00000000000031e0       0x10 Src/main.o

.debug_line     0x0000000000000000     0x3959
 .debug_line    0x0000000000000000      0x6e8 HAL/EEPROM/I2C_Slave_EEPROM.o
 .debug_line    0x00000000000006e8      0x7ee STM32F103C6_Drivers/MCAL/EXTI.o
 .debug_line    0x0000000000000ed6      0x68f STM32F103C6_Drivers/MCAL/GPIO.o
 .debug_line    0x0000000000001565      0x7d6 STM32F103C6_Drivers/MCAL/I2C.o
 .debug_line    0x0000000000001d3b      0x643 STM32F103C6_Drivers/MCAL/RCC.o
 .debug_line    0x000000000000237e      0x714 STM32F103C6_Drivers/MCAL/SPI.o
 .debug_line    0x0000000000002a92      0x72a STM32F103C6_Drivers/MCAL/USART.o
 .debug_line    0x00000000000031bc      0x719 Src/main.o
 .debug_line    0x00000000000038d5       0x84 Startup/startup_stm32f030c6tx.o

.debug_str      0x0000000000000000     0xbda8
 .debug_str     0x0000000000000000     0x9867 HAL/EEPROM/I2C_Slave_EEPROM.o
                                       0x9a4e (size before relaxing)
 .debug_str     0x0000000000009867     0x1512 STM32F103C6_Drivers/MCAL/EXTI.o
                                       0xabcc (size before relaxing)
 .debug_str     0x000000000000ad79       0xdf STM32F103C6_Drivers/MCAL/GPIO.o
                                       0x97a1 (size before relaxing)
 .debug_str     0x000000000000ae58      0x227 STM32F103C6_Drivers/MCAL/I2C.o
                                       0x9c24 (size before relaxing)
 .debug_str     0x000000000000b07f       0x7f STM32F103C6_Drivers/MCAL/RCC.o
                                       0x94f8 (size before relaxing)
 .debug_str     0x000000000000b0fe      0x679 STM32F103C6_Drivers/MCAL/SPI.o
                                       0x9dbd (size before relaxing)
 .debug_str     0x000000000000b777      0x5ed STM32F103C6_Drivers/MCAL/USART.o
                                       0x9d89 (size before relaxing)
 .debug_str     0x000000000000bd64       0x13 Src/main.o
                                       0x9867 (size before relaxing)
 .debug_str     0x000000000000bd77       0x31 Startup/startup_stm32f030c6tx.o
                                         0x83 (size before relaxing)

.comment        0x0000000000000000       0x7b
 .comment       0x0000000000000000       0x7b HAL/EEPROM/I2C_Slave_EEPROM.o
                                         0x7c (size before relaxing)
 .comment       0x000000000000007b       0x7c STM32F103C6_Drivers/MCAL/EXTI.o
 .comment       0x000000000000007b       0x7c STM32F103C6_Drivers/MCAL/GPIO.o
 .comment       0x000000000000007b       0x7c STM32F103C6_Drivers/MCAL/I2C.o
 .comment       0x000000000000007b       0x7c STM32F103C6_Drivers/MCAL/RCC.o
 .comment       0x000000000000007b       0x7c STM32F103C6_Drivers/MCAL/SPI.o
 .comment       0x000000000000007b       0x7c STM32F103C6_Drivers/MCAL/USART.o
 .comment       0x000000000000007b       0x7c Src/main.o

.debug_frame    0x0000000000000000      0x788
 .debug_frame   0x0000000000000000       0x74 HAL/EEPROM/I2C_Slave_EEPROM.o
 .debug_frame   0x0000000000000074      0x190 STM32F103C6_Drivers/MCAL/EXTI.o
 .debug_frame   0x0000000000000204       0xf0 STM32F103C6_Drivers/MCAL/GPIO.o
 .debug_frame   0x00000000000002f4      0x150 STM32F103C6_Drivers/MCAL/I2C.o
 .debug_frame   0x0000000000000444       0x84 STM32F103C6_Drivers/MCAL/RCC.o
 .debug_frame   0x00000000000004c8      0x110 STM32F103C6_Drivers/MCAL/SPI.o
 .debug_frame   0x00000000000005d8      0x114 STM32F103C6_Drivers/MCAL/USART.o
 .debug_frame   0x00000000000006ec       0x30 Src/main.o
 .debug_frame   0x000000000000071c       0x2c f:/programs/stm32cubeide_1.4.0/stm32cubeide/plugins/com.st.stm32cube.ide.mcu.externaltools.gnu-tools-for-stm32.7-2018-q2-update.win32_1.4.0.202007081208/tools/bin/../lib/gcc/arm-none-eabi/7.3.1/../../../../arm-none-eabi/lib/thumb/v6-m\libc_nano.a(lib_a-init.o)
 .debug_frame   0x0000000000000748       0x20 f:/programs/stm32cubeide_1.4.0/stm32cubeide/plugins/com.st.stm32cube.ide.mcu.externaltools.gnu-tools-for-stm32.7-2018-q2-update.win32_1.4.0.202007081208/tools/bin/../lib/gcc/arm-none-eabi/7.3.1/../../../../arm-none-eabi/lib/thumb/v6-m\libc_nano.a(lib_a-memset.o)
 .debug_frame   0x0000000000000768       0x20 f:/programs/stm32cubeide_1.4.0/stm32cubeide/plugins/com.st.stm32cube.ide.mcu.externaltools.gnu-tools-for-stm32.7-2018-q2-update.win32_1.4.0.202007081208/tools/bin/../lib/gcc/arm-none-eabi/7.3.1/thumb/v6-m\libgcc.a(_udivsi3.o)
