Archive member included to satisfy reference by file (symbol)

f:/programs/stm32cubeide_1.4.0/stm32cubeide/plugins/com.st.stm32cube.ide.mcu.externaltools.gnu-tools-for-stm32.7-2018-q2-update.win32_1.4.0.202007081208/tools/bin/../lib/gcc/arm-none-eabi/7.3.1/../../../../arm-none-eabi/lib/thumb/v6-m\libc_nano.a(lib_a-errno.o)
                              Src/syscalls.o (__errno)
f:/programs/stm32cubeide_1.4.0/stm32cubeide/plugins/com.st.stm32cube.ide.mcu.externaltools.gnu-tools-for-stm32.7-2018-q2-update.win32_1.4.0.202007081208/tools/bin/../lib/gcc/arm-none-eabi/7.3.1/../../../../arm-none-eabi/lib/thumb/v6-m\libc_nano.a(lib_a-exit.o)
                              f:/programs/stm32cubeide_1.4.0/stm32cubeide/plugins/com.st.stm32cube.ide.mcu.externaltools.gnu-tools-for-stm32.7-2018-q2-update.win32_1.4.0.202007081208/tools/bin/../lib/gcc/arm-none-eabi/7.3.1/../../../../arm-none-eabi/lib/thumb/v6-m/crt0.o (exit)
f:/programs/stm32cubeide_1.4.0/stm32cubeide/plugins/com.st.stm32cube.ide.mcu.externaltools.gnu-tools-for-stm32.7-2018-q2-update.win32_1.4.0.202007081208/tools/bin/../lib/gcc/arm-none-eabi/7.3.1/../../../../arm-none-eabi/lib/thumb/v6-m\libc_nano.a(lib_a-impure.o)
                              f:/programs/stm32cubeide_1.4.0/stm32cubeide/plugins/com.st.stm32cube.ide.mcu.externaltools.gnu-tools-for-stm32.7-2018-q2-update.win32_1.4.0.202007081208/tools/bin/../lib/gcc/arm-none-eabi/7.3.1/../../../../arm-none-eabi/lib/thumb/v6-m\libc_nano.a(lib_a-exit.o) (_global_impure_ptr)
f:/programs/stm32cubeide_1.4.0/stm32cubeide/plugins/com.st.stm32cube.ide.mcu.externaltools.gnu-tools-for-stm32.7-2018-q2-update.win32_1.4.0.202007081208/tools/bin/../lib/gcc/arm-none-eabi/7.3.1/../../../../arm-none-eabi/lib/thumb/v6-m\libc_nano.a(lib_a-init.o)
                              f:/programs/stm32cubeide_1.4.0/stm32cubeide/plugins/com.st.stm32cube.ide.mcu.externaltools.gnu-tools-for-stm32.7-2018-q2-update.win32_1.4.0.202007081208/tools/bin/../lib/gcc/arm-none-eabi/7.3.1/../../../../arm-none-eabi/lib/thumb/v6-m/crt0.o (__libc_init_array)
f:/programs/stm32cubeide_1.4.0/stm32cubeide/plugins/com.st.stm32cube.ide.mcu.externaltools.gnu-tools-for-stm32.7-2018-q2-update.win32_1.4.0.202007081208/tools/bin/../lib/gcc/arm-none-eabi/7.3.1/../../../../arm-none-eabi/lib/thumb/v6-m\libc_nano.a(lib_a-memset.o)
                              f:/programs/stm32cubeide_1.4.0/stm32cubeide/plugins/com.st.stm32cube.ide.mcu.externaltools.gnu-tools-for-stm32.7-2018-q2-update.win32_1.4.0.202007081208/tools/bin/../lib/gcc/arm-none-eabi/7.3.1/../../../../arm-none-eabi/lib/thumb/v6-m/crt0.o (memset)
f:/programs/stm32cubeide_1.4.0/stm32cubeide/plugins/com.st.stm32cube.ide.mcu.externaltools.gnu-tools-for-stm32.7-2018-q2-update.win32_1.4.0.202007081208/tools/bin/../lib/gcc/arm-none-eabi/7.3.1/../../../../arm-none-eabi/lib/thumb/v6-m\libc_nano.a(lib_a-sprintf.o)
                              HAL/LCD/LCD.o (sprintf)
f:/programs/stm32cubeide_1.4.0/stm32cubeide/plugins/com.st.stm32cube.ide.mcu.externaltools.gnu-tools-for-stm32.7-2018-q2-update.win32_1.4.0.202007081208/tools/bin/../lib/gcc/arm-none-eabi/7.3.1/../../../../arm-none-eabi/lib/thumb/v6-m\libc_nano.a(lib_a-nano-svfprintf.o)
                              f:/programs/stm32cubeide_1.4.0/stm32cubeide/plugins/com.st.stm32cube.ide.mcu.externaltools.gnu-tools-for-stm32.7-2018-q2-update.win32_1.4.0.202007081208/tools/bin/../lib/gcc/arm-none-eabi/7.3.1/../../../../arm-none-eabi/lib/thumb/v6-m\libc_nano.a(lib_a-sprintf.o) (_svfprintf_r)
f:/programs/stm32cubeide_1.4.0/stm32cubeide/plugins/com.st.stm32cube.ide.mcu.externaltools.gnu-tools-for-stm32.7-2018-q2-update.win32_1.4.0.202007081208/tools/bin/../lib/gcc/arm-none-eabi/7.3.1/../../../../arm-none-eabi/lib/thumb/v6-m\libc_nano.a(lib_a-nano-vfprintf_i.o)
                              f:/programs/stm32cubeide_1.4.0/stm32cubeide/plugins/com.st.stm32cube.ide.mcu.externaltools.gnu-tools-for-stm32.7-2018-q2-update.win32_1.4.0.202007081208/tools/bin/../lib/gcc/arm-none-eabi/7.3.1/../../../../arm-none-eabi/lib/thumb/v6-m\libc_nano.a(lib_a-nano-svfprintf.o) (_printf_i)
f:/programs/stm32cubeide_1.4.0/stm32cubeide/plugins/com.st.stm32cube.ide.mcu.externaltools.gnu-tools-for-stm32.7-2018-q2-update.win32_1.4.0.202007081208/tools/bin/../lib/gcc/arm-none-eabi/7.3.1/../../../../arm-none-eabi/lib/thumb/v6-m\libc_nano.a(lib_a-memchr-stub.o)
                              f:/programs/stm32cubeide_1.4.0/stm32cubeide/plugins/com.st.stm32cube.ide.mcu.externaltools.gnu-tools-for-stm32.7-2018-q2-update.win32_1.4.0.202007081208/tools/bin/../lib/gcc/arm-none-eabi/7.3.1/../../../../arm-none-eabi/lib/thumb/v6-m\libc_nano.a(lib_a-nano-svfprintf.o) (memchr)
f:/programs/stm32cubeide_1.4.0/stm32cubeide/plugins/com.st.stm32cube.ide.mcu.externaltools.gnu-tools-for-stm32.7-2018-q2-update.win32_1.4.0.202007081208/tools/bin/../lib/gcc/arm-none-eabi/7.3.1/../../../../arm-none-eabi/lib/thumb/v6-m\libc_nano.a(lib_a-memcpy-stub.o)
[...]
Memory Configuration

Name             Origin             Length             Attributes
RAM              0x0000000020000000 0x0000000000001000 xrw
ROM              0x0000000008000000 0x0000000000008000 xr
*default*        0x0000000000000000 0xffffffffffffffff

Linker script and memory map

LOAD f:/programs/stm32cubeide_1.4.0/stm32cubeide/plugins/com.st.stm32cube.ide.mcu.externaltools.gnu-tools-for-stm32.7-2018-q2-update.win32_1.4.0.202007081208/tools/bin/../lib/gcc/arm-none-eabi/7.3.1/thumb/v6-m/crti.o
LOAD f:/programs/stm32cubeide_1.4.0/stm32cubeide/plugins/com.st.stm32cube.ide.mcu.externaltools.gnu-tools-for-stm32.7-2018-q2-update.win32_1.4.0.202007081208/tools/bin/../lib/gcc/arm-none-eabi/7.3.1/thumb/v6-m/crtbegin.o
LOAD f:/programs/stm32cubeide_1.4.0/stm32cubeide/plugins/com.st.stm32cube.ide.mcu.externaltools.gnu-tools-for-stm32.7-2018-q2-update.win32_1.4.0.202007081208/tools/bin/../lib/gcc/arm-none-eabi/7.3.1/../../../../arm-none-eabi/lib/thumb/v6-m/crt0.o
LOAD HAL/KEYPAD/KEYPAD.o
LOAD HAL/LCD/LCD.o
LOAD HAL/SEV_SEG/SEG_config.o
LOAD HAL/SEV_SEG/SEG_program.o
LOAD STM32F103C6_Drivers/MCAL/EXTI.o
LOAD STM32F103C6_Drivers/MCAL/GPIO/GPIO.o
LOAD Src/main.o
LOAD Src/syscalls.o
LOAD Src/sysmem.o
LOAD Startup/startup_stm32f030c6tx.o
START GROUP
LOAD f:/programs/stm32cubeide_1.4.0/stm32cubeide/plugins/com.st.stm32cube.ide.mcu.externaltools.gnu-tools-for-stm32.7-2018-q2-update.win32_1.4.0.202007081208/tools/bin/../lib/gcc/arm-none-eabi/7.3.1/../../../../arm-none-eabi/lib/thumb/v6-m\libc_nano.a
LOAD f:/programs/stm32cubeide_1.4.0/stm32cubeide/plugins/com.st.stm32cube.ide.mcu.externaltools.gnu-tools-for-stm32.7-2018-q2-update.win32_1.4.0.202007081208/tools/bin/../lib/gcc/arm-none-eabi/7.3.1/../../../../arm-none-eabi/lib/thumb/v6-m\libm.a
END GROUP
START GROUP
LOAD f:/programs/stm32cubeide_1.4.0/stm32cubeide/plugins/com.st.stm32cube.ide.mcu.externaltools.gnu-tools-for-stm32.7-2018-q2-update.win32_1.4.0.202007081208/tools/bin/../lib/gcc/arm-none-eabi/7.3.1/thumb/v6-m\libgcc.a
LOAD f:/programs/stm32cubeide_1.4.0/stm32cubeide/plugins/com.st.stm32cube.ide.mcu.externaltools.gnu-tools-for-stm32.7-2018-q2-update.win32_1.4.0.202007081208/tools/bin/../lib/gcc/arm-none-eabi/7.3.1/../../../../arm-none-eabi/lib/thumb/v6-m\libg_nano.a
LOAD f:/programs/stm32cubeide_1.4.0/stm32cubeide/plugins/com.st.stm32cube.ide.mcu.externaltools.gnu-tools-for-stm32.7-2018-q2-update.win32_1.4.0.202007081208/tools/bin/../lib/gcc/arm-none-eabi/7.3.1/../../../../arm-none-eabi/lib/thumb/v6-m\libc_nano.a
END GROUP
START GROUP
LOAD f:/programs/stm32cubeide_1.4.0/stm32cubeide/plugins/com.st.stm32cube.ide.mcu.externaltools.gnu-tools-for-stm32.7-2018-q2-update.win32_1.4.0.202007081208/tools/bin/../lib/gcc/arm-none-eabi/7.3.1/thumb/v6-m\libgcc.a
LOAD f:/programs/stm32cubeide_1.4.0/stm32cubeide/plugins/com.st.stm32cube.ide.mcu.externaltools.gnu-tools-for-stm32.7-2018-q2-update.win32_1.4.0.202007081208/tools/bin/../lib/gcc/arm-none-eabi/7.3.1/../../../../arm-none-eabi/lib/thumb/v6-m\libc_nano.a
LOAD f:/programs/stm32cubeide_1.4.0/stm32cubeide/plugins/com.st.stm32cube.ide.mcu.externaltools.gnu-tools-for-stm32.7-2018-q2-update.win32_1.4.0.202007081208/tools/bin/../lib/gcc/arm-none-eabi/7.3.1/../../../../arm-none-eabi/lib/thumb/v6-m\libnosys.a
END GROUP
START GROUP
LOAD f:/programs/stm32cubeide_1.4.0/stm32cubeide/plugins/com.st.stm32cube.ide.mcu.externaltools.gnu-tools-for-stm32.7-2018-q2-update.win32_1.4.0.202007081208/tools/bin/../lib/gcc/arm-none-eabi/7.3.1/thumb/v6-m\libgcc.a
LOAD f:/programs/stm32cubeide_1.4.0/stm32cubeide/plugins/com.st.stm32cube.ide.mcu.externaltools.gnu-tools-for-stm32.7-2018-q2-update.win32_1.4.0.202007081208/tools/bin/../lib/gcc/arm-none-eabi/7.3.1/../../../../arm-none-eabi/lib/thumb/v6-m\libc_nano.a
LOAD f:/programs/stm32cubeide_1.4.0/stm32cubeide/plugins/com.st.stm32cube.ide.mcu.externaltools.gnu-tools-for-stm32.7-2018-q2-update.win32_1.4.0.202007081208/tools/bin/../lib/gcc/arm-none-eabi/7.3.1/../../../../arm-none-eabi/lib/thumb/v6-m\libnosys.a
END GROUP
LOAD f:/programs/stm32cubeide_1.4.0/stm32cubeide/plugins/com.st.stm32cube.ide.mcu.externaltools.gnu-tools-for-stm32.7-2018-q2-update.win32_1.4.0.202007081208/tools/bin/../lib/gcc/arm-none-eabi/7.3.1/thumb/v6-m/crtend.o
LOAD f:/programs/stm32cubeide_1.4.0/stm32cubeide/plugins/com.st.stm32cube.ide.mcu.externaltools.gnu-tools-for-stm32.7-2018-q2-update.win32_1.4.0.202007081208/tools/bin/../lib/gcc/arm-none-eabi/7.3.1/thumb/v6-m/crtn.o
                0x0000000020001000                _estack = (ORIGIN (RAM) + LENGTH (RAM))
                0x0000000000000200                _Min_Heap_Size = 0x200
                0x0000000000000400                _Min_Stack_Size = 0x400

.isr_vector     0x0000000008000000      0x130
                0x0000000008000000                . = ALIGN (0x4)
 *(.isr_vector)
 .isr_vector    0x0000000008000000      0x130 Startup/startup_stm32f030c6tx.o
                0x0000000008000000                g_pfnVectors
                0x0000000008000130                . = ALIGN (0x4)

.text           0x0000000008000130      0xd40
                0x0000000008000130                . = ALIGN (0x4)
 *(.text)
 .text          0x0000000008000130       0x48 f:/programs/stm32cubeide_1.4.0/stm32cubeide/plugins/com.st.stm32cube.ide.mcu.externaltools.gnu-tools-for-stm32.7-2018-q2-update.win32_1.4.0.202007081208/tools/bin/../lib/gcc/arm-none-eabi/7.3.1/thumb/v6-m/crtbegin.o
 *(.text*)
 .text._delay_ms
                0x0000000008000178       0x3e HAL/LCD/LCD.o
                0x0000000008000178                _delay_ms
 *fill*         0x00000000080001b6        0x2 
 .text.LCD_WriteCommand
                0x00000000080001b8       0x64 HAL/LCD/LCD.o
 .text.LCD_Init
                0x000000000800021c       0x98 HAL/LCD/LCD.o
                0x000000000800021c                LCD_Init
 .text.LCD_WriteData
                0x00000000080002b4       0x64 HAL/LCD/LCD.o
 .text.LCD_WriteChar
                0x0000000008000318       0x1e HAL/LCD/LCD.o
                0x0000000008000318                LCD_WriteChar
 .text.LCD_Clear
                0x0000000008000336       0x10 HAL/LCD/LCD.o
                0x0000000008000336                LCD_Clear
 .text.LCD_GoTo
                0x0000000008000346       0x58 HAL/LCD/LCD.o
                0x0000000008000346                LCD_GoTo
 .text.LCD_WriteSentence
                0x000000000800039e       0x76 HAL/LCD/LCD.o
                0x000000000800039e                LCD_WriteSentence
 .text.NVIC_Enable_IRQ
                0x0000000008000414       0x9c STM32F103C6_Drivers/MCAL/EXTI.o
                0x0000000008000414                NVIC_Enable_IRQ
 .text.NVIC_Disable_IRQ
                0x00000000080004b0       0x9c STM32F103C6_Drivers/MCAL/EXTI.o
                0x00000000080004b0                NVIC_Disable_IRQ
 .text.Update_EXTI
                0x000000000800054c      0x1f0 STM32F103C6_Drivers/MCAL/EXTI.o
                0x000000000800054c                Update_EXTI
 .text.EXTI_GPIO_Init
                0x000000000800073c       0x18 STM32F103C6_Drivers/MCAL/EXTI.o
                0x000000000800073c                EXTI_GPIO_Init
 .text.EXTI0_IRQHandler
                0x0000000008000754       0x30 STM32F103C6_Drivers/MCAL/EXTI.o
                0x0000000008000754                EXTI0_IRQHandler
 .text.EXTI1_IRQHandler
                0x0000000008000784       0x30 STM32F103C6_Drivers/MCAL/EXTI.o
                0x0000000008000784                EXTI1_IRQHandler
 .text.EXTI2_IRQHandler
                0x00000000080007b4       0x30 STM32F103C6_Drivers/MCAL/EXTI.o
                0x00000000080007b4                EXTI2_IRQHandler
 .text.EXTI3_IRQHandler
                0x00000000080007e4       0x30 STM32F103C6_Drivers/MCAL/EXTI.o
                0x00000000080007e4                EXTI3_IRQHandler
 .text.EXTI4_IRQHandler
                0x0000000008000814       0x30 STM32F103C6_Drivers/MCAL/EXTI.o
                0x0000000008000814                EXTI4_IRQHandler
 .text.EXTI5_9_IRQHandler
                0x0000000008000844       0xa8 STM32F103C6_Drivers/MCAL/EXTI.o
                0x0000000008000844                EXTI5_9_IRQHandler
 .text.EXTI10_15_IRQHandler
                0x00000000080008ec       0xd4 STM32F103C6_Drivers/MCAL/EXTI.o
                0x00000000080008ec                EXTI10_15_IRQHandler
 .text.GPIO_SetPinDirection
                0x00000000080009c0       0x9c STM32F103C6_Drivers/MCAL/GPIO/GPIO.o
                0x00000000080009c0                GPIO_SetPinDirection
 .text.GPIO_SetPinValue
                0x0000000008000a5c       0x5c STM32F103C6_Drivers/MCAL/GPIO/GPIO.o
                0x0000000008000a5c                GPIO_SetPinValue
 .text.GPIO_SetPortDirection
                0x0000000008000ab8      0x11e STM32F103C6_Drivers/MCAL/GPIO/GPIO.o
                0x0000000008000ab8                GPIO_SetPortDirection
 *fill*         0x0000000008000bd6        0x2 
 .text.GPIO_SetPortValue
                0x0000000008000bd8       0xe8 STM32F103C6_Drivers/MCAL/GPIO/GPIO.o
                0x0000000008000bd8                GPIO_SetPortValue
 .text.Delay_ms
                0x0000000008000cc0       0x50 Src/main.o
                0x0000000008000cc0                Delay_ms
 .text.EXTI9_CallBack
                0x0000000008000d10       0x2c Src/main.o
                0x0000000008000d10                EXTI9_CallBack
 .text.main     0x0000000008000d3c       0x80 Src/main.o
                0x0000000008000d3c                main
 .text.Reset_Handler
                0x0000000008000dbc       0x50 Startup/startup_stm32f030c6tx.o
                0x0000000008000dbc                Reset_Handler
 .text.Default_Handler
                0x0000000008000e0c        0x2 Startup/startup_stm32f030c6tx.o
                0x0000000008000e0c                TIM8_TRG_COM_IRQHandler
                0x0000000008000e0c                TIM8_CC_IRQHandler
                0x0000000008000e0c                DebugMon_Handler
                0x0000000008000e0c                TIM1_CC_IRQHandler
                0x0000000008000e0c                HardFault_Handler
                0x0000000008000e0c                TIM6_IRQHandler
                0x0000000008000e0c                SysTick_Handler
                0x0000000008000e0c                PVD_IRQHandler
                0x0000000008000e0c                SDIO_IRQHandler
                0x0000000008000e0c                PendSV_Handler
                0x0000000008000e0c                NMI_Handler
                0x0000000008000e0c                USB_HP_CAN_TX_IRQHandler
                0x0000000008000e0c                I2C2_EV_IRQHandler
                0x0000000008000e0c                UsageFault_Handler
                0x0000000008000e0c                ADC1_2_IRQHandler
                0x0000000008000e0c                SPI1_IRQHandler
                0x0000000008000e0c                CAN_SCE_IRQHandler
                0x0000000008000e0c                TAMPER_IRQHandler
                0x0000000008000e0c                TIM8_UP_IRQHandler
                0x0000000008000e0c                DMA2_Channel2_IRQHandler
                0x0000000008000e0c                DMA1_Channel4_IRQHandler
                0x0000000008000e0c                USART3_IRQHandler
                0x0000000008000e0c                RTC_IRQHandler
                0x0000000008000e0c                DMA1_Channel7_IRQHandler
                0x0000000008000e0c                UART5_IRQHandler
                0x0000000008000e0c                ADC3_IRQHandler
                0x0000000008000e0c                TIM4_IRQHandler
                0x0000000008000e0c                CAN_RX1_IRQHandler
                0x0000000008000e0c                DMA2_Channel1_IRQHandler
                0x0000000008000e0c                I2C1_EV_IRQHandler
                0x0000000008000e0c                DMA1_Channel6_IRQHandler
                0x0000000008000e0c                UART4_IRQHandler
                0x0000000008000e0c                TIM3_IRQHandler
                0x0000000008000e0c                RCC_IRQHandler
                0x0000000008000e0c                TIM1_TRG_COM_IRQHandler
                0x0000000008000e0c                DMA1_Channel1_IRQHandler
                0x0000000008000e0c                Default_Handler
                0x0000000008000e0c                TIM7_IRQHandler
                0x0000000008000e0c                TIM5_IRQHandler
                0x0000000008000e0c                SPI2_IRQHandler
                0x0000000008000e0c                USB_LP_CAN_RX0_IRQHandler
                0x0000000008000e0c                MemManage_Handler
                0x0000000008000e0c                SVC_Handler
                0x0000000008000e0c                DMA1_Channel5_IRQHandler
                0x0000000008000e0c                DMA1_Channel3_IRQHandler
                0x0000000008000e0c                FSMC_IRQHandler
                0x0000000008000e0c                TIM1_UP_IRQHandler
                0x0000000008000e0c                WWDG_IRQHandler
                0x0000000008000e0c                TIM2_IRQHandler
                0x0000000008000e0c                TIM1_BRK_IRQHandler
                0x0000000008000e0c                RTCAlarm_IRQHandler
                0x0000000008000e0c                DMA2_Channel4_5_IRQHandler
                0x0000000008000e0c                USART2_IRQHandler
                0x0000000008000e0c                I2C2_ER_IRQHandler
                0x0000000008000e0c                DMA1_Channel2_IRQHandler
                0x0000000008000e0c                TIM8_BRK_IRQHandler
                0x0000000008000e0c                FLASH_IRQHandler
                0x0000000008000e0c                BusFault_Handler
                0x0000000008000e0c                USART1_IRQHandler
                0x0000000008000e0c                SPI3_IRQHandler
                0x0000000008000e0c                I2C1_ER_IRQHandler
                0x0000000008000e0c                DMA2_Channel3_IRQHandler
 *fill*         0x0000000008000e0e        0x2 
 .text.__libc_init_array
                0x0000000008000e10       0x48 f:/programs/stm32cubeide_1.4.0/stm32cubeide/plugins/com.st.stm32cube.ide.mcu.externaltools.gnu-tools-for-stm32.7-2018-q2-update.win32_1.4.0.202007081208/tools/bin/../lib/gcc/arm-none-eabi/7.3.1/../../../../arm-none-eabi/lib/thumb/v6-m\libc_nano.a(lib_a-init.o)
                0x0000000008000e10                __libc_init_array
 *(.glue_7)
 .glue_7        0x0000000008000e58        0x0 linker stubs
 *(.glue_7t)
 .glue_7t       0x0000000008000e58        0x0 linker stubs
 *(.eh_frame)
 .eh_frame      0x0000000008000e58        0x0 f:/programs/stm32cubeide_1.4.0/stm32cubeide/plugins/com.st.stm32cube.ide.mcu.externaltools.gnu-tools-for-stm32.7-2018-q2-update.win32_1.4.0.202007081208/tools/bin/../lib/gcc/arm-none-eabi/7.3.1/thumb/v6-m/crtbegin.o
 *(.init)
 .init          0x0000000008000e58        0x4 f:/programs/stm32cubeide_1.4.0/stm32cubeide/plugins/com.st.stm32cube.ide.mcu.externaltools.gnu-tools-for-stm32.7-2018-q2-update.win32_1.4.0.202007081208/tools/bin/../lib/gcc/arm-none-eabi/7.3.1/thumb/v6-m/crti.o
                0x0000000008000e58                _init
 .init          0x0000000008000e5c        0x8 f:/programs/stm32cubeide_1.4.0/stm32cubeide/plugins/com.st.stm32cube.ide.mcu.externaltools.gnu-tools-for-stm32.7-2018-q2-update.win32_1.4.0.202007081208/tools/bin/../lib/gcc/arm-none-eabi/7.3.1/thumb/v6-m/crtn.o
 *(.fini)
 .fini          0x0000000008000e64        0x4 f:/programs/stm32cubeide_1.4.0/stm32cubeide/plugins/com.st.stm32cube.ide.mcu.externaltools.gnu-tools-for-stm32.7-2018-q2-update.win32_1.4.0.202007081208/tools/bin/../lib/gcc/arm-none-eabi/7.3.1/thumb/v6-m/crti.o
                0x0000000008000e64                _fini
 .fini          0x0000000008000e68        0x8 f:/programs/stm32cubeide_1.4.0/stm32cubeide/plugins/com.st.stm32cube.ide.mcu.externaltools.gnu-tools-for-stm32.7-2018-q2-update.win32_1.4.0.202007081208/tools/bin/../lib/gcc/arm-none-eabi/7.3.1/thumb/v6-m/crtn.o
                0x0000000008000e70                . = ALIGN (0x4)
                0x0000000008000e70                _etext = .

.vfp11_veneer   0x0000000008000e70        0x0
 .vfp11_veneer  0x0000000008000e70        0x0 linker stubs

.v4_bx          0x0000000008000e70        0x0
 .v4_bx         0x0000000008000e70        0x0 linker stubs

.iplt           0x0000000008000e70        0x0
 .iplt          0x0000000008000e70        0x0 f:/programs/stm32cubeide_1.4.0/stm32cubeide/plugins/com.st.stm32cube.ide.mcu.externaltools.gnu-tools-for-stm32.7-2018-q2-update.win32_1.4.0.202007081208/tools/bin/../lib/gcc/arm-none-eabi/7.3.1/thumb/v6-m/crtbegin.o

.rodata         0x0000000008000e70       0xa8
                0x0000000008000e70                . = ALIGN (0x4)
 *(.rodata)
 .rodata        0x0000000008000e70       0x28 Src/main.o
 *(.rodata*)
 .rodata.NVIC_Enable_IRQ
                0x0000000008000e98       0x40 STM32F103C6_Drivers/MCAL/EXTI.o
 .rodata.NVIC_Disable_IRQ
                0x0000000008000ed8       0x40 STM32F103C6_Drivers/MCAL/EXTI.o
                0x0000000008000f18                . = ALIGN (0x4)

.rel.dyn        0x0000000008000f18        0x0
 .rel.iplt      0x0000000008000f18        0x0 f:/programs/stm32cubeide_1.4.0/stm32cubeide/plugins/com.st.stm32cube.ide.mcu.externaltools.gnu-tools-for-stm32.7-2018-q2-update.win32_1.4.0.202007081208/tools/bin/../lib/gcc/arm-none-eabi/7.3.1/thumb/v6-m/crtbegin.o

.ARM.extab      0x0000000008000f18        0x0
                0x0000000008000f18                . = ALIGN (0x4)
 *(.ARM.extab* .gnu.linkonce.armextab.*)
                0x0000000008000f18                . = ALIGN (0x4)

.ARM            0x0000000008000f18        0x0
                0x0000000008000f18                . = ALIGN (0x4)
                0x0000000008000f18                __exidx_start = .
 *(.ARM.exidx*)
                0x0000000008000f18                __exidx_end = .
                0x0000000008000f18                . = ALIGN (0x4)

.preinit_array  0x0000000008000f18        0x0
                0x0000000008000f18                . = ALIGN (0x4)
                0x0000000008000f18                PROVIDE (__preinit_array_start = .)
 *(.preinit_array*)
                0x0000000008000f18                PROVIDE (__preinit_array_end = .)
                0x0000000008000f18                . = ALIGN (0x4)

.init_array     0x0000000008000f18        0x4
                0x0000000008000f18                . = ALIGN (0x4)
                0x0000000008000f18                PROVIDE (__init_array_start = .)
 *(SORT_BY_NAME(.init_array.*))
 *(.init_array*)
 .init_array    0x0000000008000f18        0x4 f:/programs/stm32cubeide_1.4.0/stm32cubeide/plugins/com.st.stm32cube.ide.mcu.externaltools.gnu-tools-for-stm32.7-2018-q2-update.win32_1.4.0.202007081208/tools/bin/../lib/gcc/arm-none-eabi/7.3.1/thumb/v6-m/crtbegin.o
                0x0000000008000f1c                PROVIDE (__init_array_end = .)
                0x0000000008000f1c                . = ALIGN (0x4)

.fini_array     0x0000000008000f1c        0x4
                0x0000000008000f1c                . = ALIGN (0x4)
                [!provide]                        PROVIDE (__fini_array_start = .)
 *(SORT_BY_NAME(.fini_array.*))
 *(.fini_array*)
 .fini_array    0x0000000008000f1c        0x4 f:/programs/stm32cubeide_1.4.0/stm32cubeide/plugins/com.st.stm32cube.ide.mcu.externaltools.gnu-tools-for-stm32.7-2018-q2-update.win32_1.4.0.202007081208/tools/bin/../lib/gcc/arm-none-eabi/7.3.1/thumb/v6-m/crtbegin.o
                [!provide]                        PROVIDE (__fini_array_end = .)
                0x0000000008000f20                . = ALIGN (0x4)
                0x0000000008000f20                _sidata = LOADADDR (.data)

.data           0x0000000020000000        0x0 load address 0x0000000008000f20
                0x0000000020000000                . = ALIGN (0x4)
                0x0000000020000000                _sdata = .
 *(.data)
 *(.data*)
                0x0000000020000000                . = ALIGN (0x4)
                0x0000000020000000                _edata = .

.igot.plt       0x0000000020000000        0x0 load address 0x0000000008000f20
 .igot.plt      0x0000000020000000        0x0 f:/programs/stm32cubeide_1.4.0/stm32cubeide/plugins/com.st.stm32cube.ide.mcu.externaltools.gnu-tools-for-stm32.7-2018-q2-update.win32_1.4.0.202007081208/tools/bin/../lib/gcc/arm-none-eabi/7.3.1/thumb/v6-m/crtbegin.o
                0x0000000020000000                . = ALIGN (0x4)

.bss            0x0000000020000000       0x5c load address 0x0000000008000f20
                0x0000000020000000                _sbss = .
                0x0000000020000000                __bss_start__ = _sbss
 *(.bss)
 .bss           0x0000000020000000       0x1c f:/programs/stm32cubeide_1.4.0/stm32cubeide/plugins/com.st.stm32cube.ide.mcu.externaltools.gnu-tools-for-stm32.7-2018-q2-update.win32_1.4.0.202007081208/tools/bin/../lib/gcc/arm-none-eabi/7.3.1/thumb/v6-m/crtbegin.o
 *(.bss*)
 .bss.IRQ_Flag  0x000000002000001c        0x1 Src/main.o
                0x000000002000001c                IRQ_Flag
 *(COMMON)
 *fill*         0x000000002000001d        0x3 
 COMMON         0x0000000020000020       0x3c STM32F103C6_Drivers/MCAL/EXTI.o
                0x0000000020000020                GP_IRQ_CallBack
                0x000000002000005c                . = ALIGN (0x4)
                0x000000002000005c                _ebss = .
                0x000000002000005c                __bss_end__ = _ebss

._user_heap_stack
                0x000000002000005c      0x604 load address 0x0000000008000f20
                0x0000000020000060                . = ALIGN (0x8)
 *fill*         0x000000002000005c        0x4 
                [!provide]                        PROVIDE (end = .)
                0x0000000020000060                PROVIDE (_end = .)
                0x0000000020000260                . = (. + _Min_Heap_Size)
 *fill*         0x0000000020000060      0x200 
                0x0000000020000660                . = (. + _Min_Stack_Size)
 *fill*         0x0000000020000260      0x400 
                0x0000000020000660                . = ALIGN (0x8)

/DISCARD/
 libc.a(*)
 libm.a(*)
 libgcc.a(*)

.ARM.attributes
                0x0000000000000000       0x2d
 *(.ARM.attributes)
 .ARM.attributes
                0x0000000000000000       0x1e f:/programs/stm32cubeide_1.4.0/stm32cubeide/plugins/com.st.stm32cube.ide.mcu.externaltools.gnu-tools-for-stm32.7-2018-q2-update.win32_1.4.0.202007081208/tools/bin/../lib/gcc/arm-none-eabi/7.3.1/thumb/v6-m/crti.o
 .ARM.attributes
                0x000000000000001e       0x2c f:/programs/stm32cubeide_1.4.0/stm32cubeide/plugins/com.st.stm32cube.ide.mcu.externaltools.gnu-tools-for-stm32.7-2018-q2-update.win32_1.4.0.202007081208/tools/bin/../lib/gcc/arm-none-eabi/7.3.1/thumb/v6-m/crtbegin.o
 .ARM.attributes
                0x000000000000004a       0x31 HAL/LCD/LCD.o
 .ARM.attributes
                0x000000000000007b       0x31 STM32F103C6_Drivers/MCAL/EXTI.o
 .ARM.attributes
                0x00000000000000ac       0x31 STM32F103C6_Drivers/MCAL/GPIO/GPIO.o
 .ARM.attributes
                0x00000000000000dd       0x31 Src/main.o
 .ARM.attributes
                0x000000000000010e       0x21 Startup/startup_stm32f030c6tx.o
 .ARM.attributes
                0x000000000000012f       0x2c f:/programs/stm32cubeide_1.4.0/stm32cubeide/plugins/com.st.stm32cube.ide.mcu.externaltools.gnu-tools-for-stm32.7-2018-q2-update.win32_1.4.0.202007081208/tools/bin/../lib/gcc/arm-none-eabi/7.3.1/../../../../arm-none-eabi/lib/thumb/v6-m\libc_nano.a(lib_a-init.o)
 .ARM.attributes
                0x000000000000015b       0x1e f:/programs/stm32cubeide_1.4.0/stm32cubeide/plugins/com.st.stm32cube.ide.mcu.externaltools.gnu-tools-for-stm32.7-2018-q2-update.win32_1.4.0.202007081208/tools/bin/../lib/gcc/arm-none-eabi/7.3.1/thumb/v6-m/crtn.o
OUTPUT(Drivers.elf elf32-littlearm)

.debug_info     0x0000000000000000     0x32cd
 .debug_info    0x0000000000000000      0xcfc HAL/LCD/LCD.o
 .debug_info    0x0000000000000cfc      0xde9 STM32F103C6_Drivers/MCAL/EXTI.o
 .debug_info    0x0000000000001ae5      0xbeb STM32F103C6_Drivers/MCAL/GPIO/GPIO.o
 .debug_info    0x00000000000026d0      0xbdb Src/main.o
 .debug_info    0x00000000000032ab       0x22 Startup/startup_stm32f030c6tx.o

.debug_abbrev   0x0000000000000000      0x7b5
 .debug_abbrev  0x0000000000000000      0x1f0 HAL/LCD/LCD.o
 .debug_abbrev  0x00000000000001f0      0x219 STM32F103C6_Drivers/MCAL/EXTI.o
 .debug_abbrev  0x0000000000000409      0x1be STM32F103C6_Drivers/MCAL/GPIO/GPIO.o
 .debug_abbrev  0x00000000000005c7      0x1dc Src/main.o
 .debug_abbrev  0x00000000000007a3       0x12 Startup/startup_stm32f030c6tx.o

.debug_loc      0x0000000000000000      0x75e
 .debug_loc     0x0000000000000000      0x2c2 HAL/LCD/LCD.o
 .debug_loc     0x00000000000002c2      0x278 STM32F103C6_Drivers/MCAL/EXTI.o
 .debug_loc     0x000000000000053a      0x188 STM32F103C6_Drivers/MCAL/GPIO/GPIO.o
 .debug_loc     0x00000000000006c2       0x9c Src/main.o

.debug_aranges  0x0000000000000000      0x1a8
 .debug_aranges
                0x0000000000000000       0x80 HAL/LCD/LCD.o
 .debug_aranges
                0x0000000000000080       0x80 STM32F103C6_Drivers/MCAL/EXTI.o
 .debug_aranges
                0x0000000000000100       0x50 STM32F103C6_Drivers/MCAL/GPIO/GPIO.o
 .debug_aranges
                0x0000000000000150       0x30 Src/main.o
 .debug_aranges
                0x0000000000000180       0x28 Startup/startup_stm32f030c6tx.o

.debug_ranges   0x0000000000000000      0x160
 .debug_ranges  0x0000000000000000       0x70 HAL/LCD/LCD.o
 .debug_ranges  0x0000000000000070       0x70 STM32F103C6_Drivers/MCAL/EXTI.o
 .debug_ranges  0x00000000000000e0       0x40 STM32F103C6_Drivers/MCAL/GPIO/GPIO.o
 .debug_ranges  0x0000000000000120       0x20 Src/main.o
 .debug_ranges  0x0000000000000140       0x20 Startup/startup_stm32f030c6tx.o

.debug_macro    0x0000000000000000      0xe2e
 .debug_macro   0x0000000000000000      0x1d5 HAL/LCD/LCD.o
 .debug_macro   0x00000000000001d5       0xa6 HAL/LCD/LCD.o
 .debug_macro   0x000000000000027b      0x1df STM32F103C6_Drivers/MCAL/EXTI.o
 .debug_macro   0x000000000000045a      0x138 STM32F103C6_Drivers/MCAL/EXTI.o
 .debug_macro   0x0000000000000592      0x224 STM32F103C6_Drivers/MCAL/EXTI.o
 .debug_macro   0x00000000000007b6      0x1c6 STM32F103C6_Drivers/MCAL/GPIO/GPIO.o
 .debug_macro   0x000000000000097c      0x1dc Src/main.o
 .debug_macro   0x0000000000000b58      0x22a Src/main.o
 .debug_macro   0x0000000000000d82       0xac Src/main.o

.debug_line     0x0000000000000000     0x1fa3
 .debug_line    0x0000000000000000      0x830 HAL/LCD/LCD.o
 .debug_line    0x0000000000000830      0x876 STM32F103C6_Drivers/MCAL/EXTI.o
 .debug_line    0x00000000000010a6      0x694 STM32F103C6_Drivers/MCAL/GPIO/GPIO.o
 .debug_line    0x000000000000173a      0x7e5 Src/main.o
 .debug_line    0x0000000000001f1f       0x84 Startup/startup_stm32f030c6tx.o

.debug_str      0x0000000000000000     0x975f
 .debug_str     0x0000000000000000     0x80d5 HAL/LCD/LCD.o
                                       0x82a4 (size before relaxing)
 .debug_str     0x00000000000080d5     0x14ff STM32F103C6_Drivers/MCAL/EXTI.o
                                       0x93f7 (size before relaxing)
 .debug_str     0x00000000000095d4       0xe4 STM32F103C6_Drivers/MCAL/GPIO/GPIO.o
                                       0x7fd3 (size before relaxing)
 .debug_str     0x00000000000096b8       0x76 Src/main.o
                                       0x94d2 (size before relaxing)
 .debug_str     0x000000000000972e       0x31 Startup/startup_stm32f030c6tx.o
                                         0x92 (size before relaxing)

.comment        0x0000000000000000       0x7b
 .comment       0x0000000000000000       0x7b HAL/LCD/LCD.o
                                         0x7c (size before relaxing)
 .comment       0x000000000000007b       0x7c STM32F103C6_Drivers/MCAL/EXTI.o
 .comment       0x000000000000007b       0x7c STM32F103C6_Drivers/MCAL/GPIO/GPIO.o
 .comment       0x000000000000007b       0x7c Src/main.o

.debug_frame    0x0000000000000000      0x4c8
 .debug_frame   0x0000000000000000      0x1b0 HAL/LCD/LCD.o
 .debug_frame   0x00000000000001b0      0x190 STM32F103C6_Drivers/MCAL/EXTI.o
 .debug_frame   0x0000000000000340       0xf0 STM32F103C6_Drivers/MCAL/GPIO/GPIO.o
 .debug_frame   0x0000000000000430       0x6c Src/main.o
 .debug_frame   0x000000000000049c       0x2c f:/programs/stm32cubeide_1.4.0/stm32cubeide/plugins/com.st.stm32cube.ide.mcu.externaltools.gnu-tools-for-stm32.7-2018-q2-update.win32_1.4.0.202007081208/tools/bin/../lib/gcc/arm-none-eabi/7.3.1/../../../../arm-none-eabi/lib/thumb/v6-m\libc_nano.a(lib_a-init.o)
