EXTI.c:44:6:NVIC_Enable_IRQ	16	static
EXTI.c:81:6:NVIC_Disable_IRQ	16	static
EXTI.c:118:6:Update_EXTI	32	static
EXTI.c:177:6:EXTI_GPIO_Init	16	static
EXTI.c:181:6:EXTI_GPIO_DeInit	8	static
EXTI.c:202:6:EXTI_GPIO_Update	16	static
EXTI.c:213:6:EXTI0_IRQHandler	8	static
EXTI.c:218:6:EXTI1_IRQHandler	8	static
EXTI.c:223:6:EXTI2_IRQHandler	8	static
EXTI.c:228:6:EXTI3_IRQHandler	8	static
EXTI.c:233:6:EXTI4_IRQHandler	8	static
EXTI.c:238:6:EXTI5_9_IRQHandler	8	static
EXTI.c:247:6:EXTI10_15_IRQHandler	8	static
