
Memory Configuration

Name             Origin             Length             Attributes
flash            0x08000000         0x00020000         xr
sram             0x20000000         0x00005000         xrw
*default*        0x00000000         0xffffffff

Linker script and memory map


.text           0x08000000      0x110
 *(.vectors*)
 .vectors       0x08000000       0x50 Startup.o
 *(.text*)
 .text          0x08000050       0xb4 main.o
                0x08000050                main
 .text          0x08000104        0x8 Startup.o
 *(.rodata*)
 .rodata        0x0800010c        0x4 main.o
                0x0800010c                const_variabl

.glue_7         0x08000110        0x0
 .glue_7        0x00000000        0x0 linker stubs

.glue_7t        0x08000110        0x0
 .glue_7t       0x00000000        0x0 linker stubs

.vfp11_veneer   0x08000110        0x0
 .vfp11_veneer  0x00000000        0x0 linker stubs

.v4_bx          0x08000110        0x0
 .v4_bx         0x00000000        0x0 linker stubs

.iplt           0x08000110        0x0
 .iplt          0x00000000        0x0 main.o

.rel.dyn        0x08000110        0x0
 .rel.iplt      0x00000000        0x0 main.o

.data           0x08000110        0x4
 *(.data*)
 .data          0x08000110        0x4 main.o
                0x08000110                variable
 .data          0x08000114        0x0 Startup.o

.igot.plt       0x08000114        0x0
 .igot.plt      0x00000000        0x0 main.o

.bss            0x20000000        0x0
 *(.bss*)
 .bss           0x20000000        0x0 main.o
 .bss           0x20000000        0x0 Startup.o
LOAD main.o
LOAD Startup.o
OUTPUT(learn-in-depth_cortex_m3.elf elf32-littlearm)

.debug_info     0x00000000      0x16d
 .debug_info    0x00000000       0xf2 main.o
 .debug_info    0x000000f2       0x7b Startup.o

.debug_abbrev   0x00000000       0xa0
 .debug_abbrev  0x00000000       0x8c main.o
 .debug_abbrev  0x0000008c       0x14 Startup.o

.debug_loc      0x00000000       0x38
 .debug_loc     0x00000000       0x38 main.o

.debug_aranges  0x00000000       0x40
 .debug_aranges
                0x00000000       0x20 main.o
 .debug_aranges
                0x00000020       0x20 Startup.o

.debug_line     0x00000000       0xa5
 .debug_line    0x00000000       0x6a main.o
 .debug_line    0x0000006a       0x3b Startup.o

.debug_str      0x00000000       0xe2
 .debug_str     0x00000000       0xe2 main.o
                                 0xee (size before relaxing)

.comment        0x00000000       0x11
 .comment       0x00000000       0x11 main.o
                                 0x12 (size before relaxing)

.ARM.attributes
                0x00000000       0x31
 .ARM.attributes
                0x00000000       0x33 main.o
 .ARM.attributes
                0x00000033       0x21 Startup.o

.debug_frame    0x00000000       0x2c
 .debug_frame   0x00000000       0x2c main.o
