
Allocating common symbols
Common symbol       size              file

PS_State_Id         0x1               main.o
Indicator_State_Id  0x1               Led.o
LED_State_Id        0x1               Led.o
Indicator_State     0x4               MonitorIndicator.o
PS_State            0x4               PressureSensor.o
Main_State          0x4               MainAlgorithm.o

Memory Configuration

Name             Origin             Length             Attributes
flash            0x08000000         0x00020000         xr
sram             0x20000000         0x00005000         xrw
*default*        0x00000000         0xffffffff

Linker script and memory map


.text           0x08000000      0x3e0
 *(.vectors*)
 .vectors       0x08000000       0x1c startup.o
                0x08000000                vectors
 *(.text*)
 .text          0x0800001c      0x110 driver.o
                0x0800001c                Delay
                0x08000040                getPressureVal
                0x08000058                Set_LED
                0x080000ac                GPIO_INITIALIZATION
 .text          0x0800012c       0x44 Led.o
                0x0800012c                LED_init
                0x08000138                Turn_On
                0x08000154                Turn_Off
 .text          0x08000170       0x64 main.o
                0x08000170                main
 .text          0x080001d4       0x78 MainAlgorithm.o
                0x080001d4                Set_PressureVal
                0x08000204                ST_HIGH_Pressure_State
 .text          0x0800024c       0x98 MonitorIndicator.o
                0x0800024c                High_Pressure_Detected
                0x08000268                ST_Stop_Indicator
                0x080002a4                ST_Start_Indicator
 .text          0x080002e4       0x40 PressureSensor.o
                0x080002e4                PS_init
                0x080002f0                ST_Reading
 .text          0x08000324       0xbc startup.o
                0x08000324                Reset_Handler
                0x080003d4                MM_Fault_Handler
                0x080003d4                Bus_Fault
                0x080003d4                H_fault_Handler
                0x080003d4                Usage_Fault_Handler
                0x080003d4                Default_handler
                0x080003d4                NMI_Handler
 *(.rodata)
                0x080003e0                _E_text = .

.glue_7         0x080003e0        0x0
 .glue_7        0x00000000        0x0 linker stubs

.glue_7t        0x080003e0        0x0
 .glue_7t       0x00000000        0x0 linker stubs

.vfp11_veneer   0x080003e0        0x0
 .vfp11_veneer  0x00000000        0x0 linker stubs

.v4_bx          0x080003e0        0x0
 .v4_bx         0x00000000        0x0 linker stubs

.iplt           0x080003e0        0x0
 .iplt          0x00000000        0x0 driver.o

.rel.dyn        0x080003e0        0x0
 .rel.iplt      0x00000000        0x0 driver.o

.data           0x20000000        0x8 load address 0x080003e0
                0x20000000                _S_data = .
 *(.data)
 .data          0x20000000        0x0 driver.o
 .data          0x20000000        0x0 Led.o
 .data          0x20000000        0x0 main.o
 .data          0x20000000        0x4 MainAlgorithm.o
 .data          0x20000004        0x4 MonitorIndicator.o
                0x20000004                Indicator_period
 .data          0x20000008        0x0 PressureSensor.o
 .data          0x20000008        0x0 startup.o
                0x20000008                . = ALIGN (0x4)
                0x20000008                _E_data = .

.igot.plt       0x20000008        0x0 load address 0x080003e8
 .igot.plt      0x00000000        0x0 driver.o

.bss            0x20000008     0x1018 load address 0x080003e8
                0x20000008                _S_bss = .
 *(.bss*)
 .bss           0x20000008        0x0 driver.o
 .bss           0x20000008        0x0 Led.o
 .bss           0x20000008        0x0 main.o
 .bss           0x20000008        0x4 MainAlgorithm.o
 .bss           0x2000000c        0x0 MonitorIndicator.o
 .bss           0x2000000c        0x4 PressureSensor.o
 .bss           0x20000010        0x0 startup.o
                0x20000010                . = ALIGN (0x4)
                0x20000010                _E_bss = .
                0x20001010                . = (. + 0x1000)
 *fill*         0x20000010     0x1000 
                0x20001010                _stack_top = .
 COMMON         0x20001010        0x2 Led.o
                0x20001010                Indicator_State_Id
                0x20001011                LED_State_Id
 COMMON         0x20001012        0x1 main.o
                0x20001012                PS_State_Id
 *fill*         0x20001013        0x1 
 COMMON         0x20001014        0x4 MainAlgorithm.o
                0x20001014                Main_State
 COMMON         0x20001018        0x4 MonitorIndicator.o
                0x20001018                Indicator_State
 COMMON         0x2000101c        0x4 PressureSensor.o
                0x2000101c                PS_State
LOAD driver.o
LOAD Led.o
LOAD main.o
LOAD MainAlgorithm.o
LOAD MonitorIndicator.o
LOAD PressureSensor.o
LOAD startup.o
OUTPUT(First_term_project1_Pressure_Detector.elf elf32-littlearm)

.debug_info     0x00000000      0x83a
 .debug_info    0x00000000      0x125 driver.o
 .debug_info    0x00000125      0x108 Led.o
 .debug_info    0x0000022d      0x136 main.o
 .debug_info    0x00000363      0x11a MainAlgorithm.o
 .debug_info    0x0000047d      0x14c MonitorIndicator.o
 .debug_info    0x000005c9      0x10a PressureSensor.o
 .debug_info    0x000006d3      0x167 startup.o

.debug_abbrev   0x00000000      0x4b0
 .debug_abbrev  0x00000000       0xc0 driver.o
 .debug_abbrev  0x000000c0       0x7f Led.o
 .debug_abbrev  0x0000013f       0x8f main.o
 .debug_abbrev  0x000001ce       0xb4 MainAlgorithm.o
 .debug_abbrev  0x00000282       0xb8 MonitorIndicator.o
 .debug_abbrev  0x0000033a       0xb6 PressureSensor.o
 .debug_abbrev  0x000003f0       0xc0 startup.o

.debug_loc      0x00000000      0x31c
 .debug_loc     0x00000000       0xc8 driver.o
 .debug_loc     0x000000c8       0x84 Led.o
 .debug_loc     0x0000014c       0x2c main.o
 .debug_loc     0x00000178       0x64 MainAlgorithm.o
 .debug_loc     0x000001dc       0x84 MonitorIndicator.o
 .debug_loc     0x00000260       0x58 PressureSensor.o
 .debug_loc     0x000002b8       0x64 startup.o

.debug_aranges  0x00000000       0xe0
 .debug_aranges
                0x00000000       0x20 driver.o
 .debug_aranges
                0x00000020       0x20 Led.o
 .debug_aranges
                0x00000040       0x20 main.o
 .debug_aranges
                0x00000060       0x20 MainAlgorithm.o
 .debug_aranges
                0x00000080       0x20 MonitorIndicator.o
 .debug_aranges
                0x000000a0       0x20 PressureSensor.o
 .debug_aranges
                0x000000c0       0x20 startup.o

.debug_line     0x00000000      0x361
 .debug_line    0x00000000       0xa5 driver.o
 .debug_line    0x000000a5       0x5e Led.o
 .debug_line    0x00000103       0x94 main.o
 .debug_line    0x00000197       0x5c MainAlgorithm.o
 .debug_line    0x000001f3       0x67 MonitorIndicator.o
 .debug_line    0x0000025a       0x5b PressureSensor.o
 .debug_line    0x000002b5       0xac startup.o

.debug_str      0x00000000      0x318
 .debug_str     0x00000000      0x10c driver.o
                                0x145 (size before relaxing)
 .debug_str     0x0000010c       0x6a Led.o
                                0x156 (size before relaxing)
 .debug_str     0x00000176       0x4a main.o
                                0x17a (size before relaxing)
 .debug_str     0x000001c0       0x54 MainAlgorithm.o
                                0x15f (size before relaxing)
 .debug_str     0x00000214       0x60 MonitorIndicator.o
                                0x19b (size before relaxing)
 .debug_str     0x00000274       0x24 PressureSensor.o
                                0x14a (size before relaxing)
 .debug_str     0x00000298       0x80 startup.o
                                0x170 (size before relaxing)

.comment        0x00000000       0x11
 .comment       0x00000000       0x11 driver.o
                                 0x12 (size before relaxing)
 .comment       0x00000000       0x12 Led.o
 .comment       0x00000000       0x12 main.o
 .comment       0x00000000       0x12 MainAlgorithm.o
 .comment       0x00000000       0x12 MonitorIndicator.o
 .comment       0x00000000       0x12 PressureSensor.o
 .comment       0x00000000       0x12 startup.o

.ARM.attributes
                0x00000000       0x33
 .ARM.attributes
                0x00000000       0x33 driver.o
 .ARM.attributes
                0x00000033       0x33 Led.o
 .ARM.attributes
                0x00000066       0x33 main.o
 .ARM.attributes
                0x00000099       0x33 MainAlgorithm.o
 .ARM.attributes
                0x000000cc       0x33 MonitorIndicator.o
 .ARM.attributes
                0x000000ff       0x33 PressureSensor.o
 .ARM.attributes
                0x00000132       0x33 startup.o

.debug_frame    0x00000000      0x244
 .debug_frame   0x00000000       0x78 driver.o
 .debug_frame   0x00000078       0x64 Led.o
 .debug_frame   0x000000dc       0x2c main.o
 .debug_frame   0x00000108       0x48 MainAlgorithm.o
 .debug_frame   0x00000150       0x60 MonitorIndicator.o
 .debug_frame   0x000001b0       0x48 PressureSensor.o
 .debug_frame   0x000001f8       0x4c startup.o
