Archive member included to satisfy reference by file (symbol)

f:/programs/stm32cubeide_1.4.0/stm32cubeide/plugins/com.st.stm32cube.ide.mcu.externaltools.gnu-tools-for-stm32.7-2018-q2-update.win32_1.4.0.202007081208/tools/bin/../lib/gcc/arm-none-eabi/7.3.1/../../../../arm-none-eabi/lib/thumb/v6-m\libc_nano.a(lib_a-errno.o)
                              Src/syscalls.o (__errno)
f:/programs/stm32cubeide_1.4.0/stm32cubeide/plugins/com.st.stm32cube.ide.mcu.externaltools.gnu-tools-for-stm32.7-2018-q2-update.win32_1.4.0.202007081208/tools/bin/../lib/gcc/arm-none-eabi/7.3.1/../../../../arm-none-eabi/lib/thumb/v6-m\libc_nano.a(lib_a-exit.o)
                              f:/programs/stm32cubeide_1.4.0/stm32cubeide/plugins/com.st.stm32cube.ide.mcu.externaltools.gnu-tools-for-stm32.7-2018-q2-update.win32_1.4.0.202007081208/tools/bin/../lib/gcc/arm-none-eabi/7.3.1/../../../../arm-none-eabi/lib/thumb/v6-m/crt0.o (exit)
f:/programs/stm32cubeide_1.4.0/stm32cubeide/plugins/com.st.stm32cube.ide.mcu.externaltools.gnu-tools-for-stm32.7-2018-q2-update.win32_1.4.0.202007081208/tools/bin/../lib/gcc/arm-none-eabi/7.3.1/../../../../arm-none-eabi/lib/thumb/v6-m\libc_nano.a(lib_a-impure.o)
                              f:/programs/stm32cubeide_1.4.0/stm32cubeide/plugins/com.st.stm32cube.ide.mcu.externaltools.gnu-tools-for-stm32.7-2018-q2-update.win32_1.4.0.202007081208/tools/bin/../lib/gcc/arm-none-eabi/7.3.1/../../../../arm-none-eabi/lib/thumb/v6-m\libc_nano.a(lib_a-exit.o) (_global_impure_ptr)
f:/programs/stm32cubeide_1.4.0/stm32cubeide/plugins/com.st.stm32cube.ide.mcu.externaltools.gnu-tools-for-stm32.7-2018-q2-update.win32_1.4.0.202007081208/tools/bin/../lib/gcc/arm-none-eabi/7.3.1/../../../../arm-none-eabi/lib/thumb/v6-m\libc_nano.a(lib_a-init.o)
                              f:/programs/stm32cubeide_1.4.0/stm32cubeide/plugins/com.st.stm32cube.ide.mcu.externaltools.gnu-tools-for-stm32.7-2018-q2-update.win32_1.4.0.202007081208/tools/bin/../lib/gcc/arm-none-eabi/7.3.1/../../../../arm-none-eabi/lib/thumb/v6-m/crt0.o (__libc_init_array)
f:/programs/stm32cubeide_1.4.0/stm32cubeide/plugins/com.st.stm32cube.ide.mcu.externaltools.gnu-tools-for-stm32.7-2018-q2-update.win32_1.4.0.202007081208/tools/bin/../lib/gcc/arm-none-eabi/7.3.1/../../../../arm-none-eabi/lib/thumb/v6-m\libc_nano.a(lib_a-memset.o)
                              f:/programs/stm32cubeide_1.4.0/stm32cubeide/plugins/com.st.stm32cube.ide.mcu.externaltools.gnu-tools-for-stm32.7-2018-q2-update.win32_1.4.0.202007081208/tools/bin/../lib/gcc/arm-none-eabi/7.3.1/../../../../arm-none-eabi/lib/thumb/v6-m/crt0.o (memset)
f:/programs/stm32cubeide_1.4.0/stm32cubeide/plugins/com.st.stm32cube.ide.mcu.externaltools.gnu-tools-for-stm32.7-2018-q2-update.win32_1.4.0.202007081208/tools/bin/../lib/gcc/arm-none-eabi/7.3.1/../../../../arm-none-eabi/lib/thumb/v6-m\libc_nano.a(lib_a-sprintf.o)
                              HAL/LCD/LCD.o (sprintf)
f:/programs/stm32cubeide_1.4.0/stm32cubeide/plugins/com.st.stm32cube.ide.mcu.externaltools.gnu-tools-for-stm32.7-2018-q2-update.win32_1.4.0.202007081208/tools/bin/../lib/gcc/arm-none-eabi/7.3.1/../../../../arm-none-eabi/lib/thumb/v6-m\libc_nano.a(lib_a-nano-svfprintf.o)
                              f:/programs/stm32cubeide_1.4.0/stm32cubeide/plugins/com.st.stm32cube.ide.mcu.externaltools.gnu-tools-for-stm32.7-2018-q2-update.win32_1.4.0.202007081208/tools/bin/../lib/gcc/arm-none-eabi/7.3.1/../../../../arm-none-eabi/lib/thumb/v6-m\libc_nano.a(lib_a-sprintf.o) (_svfprintf_r)
f:/programs/stm32cubeide_1.4.0/stm32cubeide/plugins/com.st.stm32cube.ide.mcu.externaltools.gnu-tools-for-stm32.7-2018-q2-update.win32_1.4.0.202007081208/tools/bin/../lib/gcc/arm-none-eabi/7.3.1/../../../../arm-none-eabi/lib/thumb/v6-m\libc_nano.a(lib_a-nano-vfprintf_i.o)
                              f:/programs/stm32cubeide_1.4.0/stm32cubeide/plugins/com.st.stm32cube.ide.mcu.externaltools.gnu-tools-for-stm32.7-2018-q2-update.win32_1.4.0.202007081208/tools/bin/../lib/gcc/arm-none-eabi/7.3.1/../../../../arm-none-eabi/lib/thumb/v6-m\libc_nano.a(lib_a-nano-svfprintf.o) (_printf_i)
f:/programs/stm32cubeide_1.4.0/stm32cubeide/plugins/com.st.stm32cube.ide.mcu.externaltools.gnu-tools-for-stm32.7-2018-q2-update.win32_1.4.0.202007081208/tools/bin/../lib/gcc/arm-none-eabi/7.3.1/../../../../arm-none-eabi/lib/thumb/v6-m\libc_nano.a(lib_a-memchr-stub.o)
                              f:/programs/stm32cubeide_1.4.0/stm32cubeide/plugins/com.st.stm32cube.ide.mcu.externaltools.gnu-tools-for-stm32.7-2018-q2-update.win32_1.4.0.202007081208/tools/bin/../lib/gcc/arm-none-eabi/7.3.1/../../../../arm-none-eabi/lib/thumb/v6-m\libc_nano.a(lib_a-nano-svfprintf.o) (memchr)
f:/programs/stm32cubeide_1.4.0/stm32cubeide/plugins/com.st.stm32cube.ide.mcu.externaltools.gnu-tools-for-stm32.7-2018-q2-update.win32_1.4.0.202007081208/tools/bin/../lib/gcc/arm-none-eabi/7.3.1/../../../../arm-none-eabi/lib/thumb/v6-m\libc_nano.a(lib_a-memcpy-stub.o)
[...]
Memory Configuration

Name             Origin             Length             Attributes
RAM              0x0000000020000000 0x0000000000001000 xrw
ROM              0x0000000008000000 0x0000000000008000 xr
*default*        0x0000000000000000 0xffffffffffffffff

Linker script and memory map

LOAD f:/programs/stm32cubeide_1.4.0/stm32cubeide/plugins/com.st.stm32cube.ide.mcu.externaltools.gnu-tools-for-stm32.7-2018-q2-update.win32_1.4.0.202007081208/tools/bin/../lib/gcc/arm-none-eabi/7.3.1/thumb/v6-m/crti.o
LOAD f:/programs/stm32cubeide_1.4.0/stm32cubeide/plugins/com.st.stm32cube.ide.mcu.externaltools.gnu-tools-for-stm32.7-2018-q2-update.win32_1.4.0.202007081208/tools/bin/../lib/gcc/arm-none-eabi/7.3.1/thumb/v6-m/crtbegin.o
LOAD f:/programs/stm32cubeide_1.4.0/stm32cubeide/plugins/com.st.stm32cube.ide.mcu.externaltools.gnu-tools-for-stm32.7-2018-q2-update.win32_1.4.0.202007081208/tools/bin/../lib/gcc/arm-none-eabi/7.3.1/../../../../arm-none-eabi/lib/thumb/v6-m/crt0.o
LOAD HAL/KEYPAD/KEYPAD.o
LOAD HAL/LCD/LCD.o
LOAD HAL/SEV_SEG/SEG_config.o
LOAD HAL/SEV_SEG/SEG_program.o
LOAD STM32F103C6_Drivers/MCAL/EXTI.o
LOAD STM32F103C6_Drivers/MCAL/GPIO.o
LOAD STM32F103C6_Drivers/MCAL/RCC.o
LOAD STM32F103C6_Drivers/MCAL/USART.o
LOAD Src/main.o
LOAD Src/syscalls.o
LOAD Src/sysmem.o
LOAD Startup/startup_stm32f030c6tx.o
START GROUP
LOAD f:/programs/stm32cubeide_1.4.0/stm32cubeide/plugins/com.st.stm32cube.ide.mcu.externaltools.gnu-tools-for-stm32.7-2018-q2-update.win32_1.4.0.202007081208/tools/bin/../lib/gcc/arm-none-eabi/7.3.1/../../../../arm-none-eabi/lib/thumb/v6-m\libc_nano.a
LOAD f:/programs/stm32cubeide_1.4.0/stm32cubeide/plugins/com.st.stm32cube.ide.mcu.externaltools.gnu-tools-for-stm32.7-2018-q2-update.win32_1.4.0.202007081208/tools/bin/../lib/gcc/arm-none-eabi/7.3.1/../../../../arm-none-eabi/lib/thumb/v6-m\libm.a
END GROUP
START GROUP
LOAD f:/programs/stm32cubeide_1.4.0/stm32cubeide/plugins/com.st.stm32cube.ide.mcu.externaltools.gnu-tools-for-stm32.7-2018-q2-update.win32_1.4.0.202007081208/tools/bin/../lib/gcc/arm-none-eabi/7.3.1/thumb/v6-m\libgcc.a
LOAD f:/programs/stm32cubeide_1.4.0/stm32cubeide/plugins/com.st.stm32cube.ide.mcu.externaltools.gnu-tools-for-stm32.7-2018-q2-update.win32_1.4.0.202007081208/tools/bin/../lib/gcc/arm-none-eabi/7.3.1/../../../../arm-none-eabi/lib/thumb/v6-m\libg_nano.a
LOAD f:/programs/stm32cubeide_1.4.0/stm32cubeide/plugins/com.st.stm32cube.ide.mcu.externaltools.gnu-tools-for-stm32.7-2018-q2-update.win32_1.4.0.202007081208/tools/bin/../lib/gcc/arm-none-eabi/7.3.1/../../../../arm-none-eabi/lib/thumb/v6-m\libc_nano.a
END GROUP
START GROUP
LOAD f:/programs/stm32cubeide_1.4.0/stm32cubeide/plugins/com.st.stm32cube.ide.mcu.externaltools.gnu-tools-for-stm32.7-2018-q2-update.win32_1.4.0.202007081208/tools/bin/../lib/gcc/arm-none-eabi/7.3.1/thumb/v6-m\libgcc.a
LOAD f:/programs/stm32cubeide_1.4.0/stm32cubeide/plugins/com.st.stm32cube.ide.mcu.externaltools.gnu-tools-for-stm32.7-2018-q2-update.win32_1.4.0.202007081208/tools/bin/../lib/gcc/arm-none-eabi/7.3.1/../../../../arm-none-eabi/lib/thumb/v6-m\libc_nano.a
LOAD f:/programs/stm32cubeide_1.4.0/stm32cubeide/plugins/com.st.stm32cube.ide.mcu.externaltools.gnu-tools-for-stm32.7-2018-q2-update.win32_1.4.0.202007081208/tools/bin/../lib/gcc/arm-none-eabi/7.3.1/../../../../arm-none-eabi/lib/thumb/v6-m\libnosys.a
END GROUP
START GROUP
LOAD f:/programs/stm32cubeide_1.4.0/stm32cubeide/plugins/com.st.stm32cube.ide.mcu.externaltools.gnu-tools-for-stm32.7-2018-q2-update.win32_1.4.0.202007081208/tools/bin/../lib/gcc/arm-none-eabi/7.3.1/thumb/v6-m\libgcc.a
LOAD f:/programs/stm32cubeide_1.4.0/stm32cubeide/plugins/com.st.stm32cube.ide.mcu.externaltools.gnu-tools-for-stm32.7-2018-q2-update.win32_1.4.0.202007081208/tools/bin/../lib/gcc/arm-none-eabi/7.3.1/../../../../arm-none-eabi/lib/thumb/v6-m\libc_nano.a
LOAD f:/programs/stm32cubeide_1.4.0/stm32cubeide/plugins/com.st.stm32cube.ide.mcu.externaltools.gnu-tools-for-stm32.7-2018-q2-update.win32_1.4.0.202007081208/tools/bin/../lib/gcc/arm-none-eabi/7.3.1/../../../../arm-none-eabi/lib/thumb/v6-m\libnosys.a
END GROUP
LOAD f:/programs/stm32cubeide_1.4.0/stm32cubeide/plugins/com.st.stm32cube.ide.mcu.externaltools.gnu-tools-for-stm32.7-2018-q2-update.win32_1.4.0.202007081208/tools/bin/../lib/gcc/arm-none-eabi/7.3.1/thumb/v6-m/crtend.o
LOAD f:/programs/stm32cubeide_1.4.0/stm32cubeide/plugins/com.st.stm32cube.ide.mcu.externaltools.gnu-tools-for-stm32.7-2018-q2-update.win32_1.4.0.202007081208/tools/bin/../lib/gcc/arm-none-eabi/7.3.1/thumb/v6-m/crtn.o
                0x0000000020001000                _estack = (ORIGIN (RAM) + LENGTH (RAM))
                0x0000000000000200                _Min_Heap_Size = 0x200
                0x0000000000000400                _Min_Stack_Size = 0x400

.isr_vector     0x0000000008000000      0x130
                0x0000000008000000                . = ALIGN (0x4)
 *(.isr_vector)
 .isr_vector    0x0000000008000000      0x130 Startup/startup_stm32f030c6tx.o
                0x0000000008000000                g_pfnVectors
                0x0000000008000130                . = ALIGN (0x4)

.text           0x0000000008000130      0xaf0
                0x0000000008000130                . = ALIGN (0x4)
 *(.text)
 .text          0x0000000008000130       0x48 f:/programs/stm32cubeide_1.4.0/stm32cubeide/plugins/com.st.stm32cube.ide.mcu.externaltools.gnu-tools-for-stm32.7-2018-q2-update.win32_1.4.0.202007081208/tools/bin/../lib/gcc/arm-none-eabi/7.3.1/thumb/v6-m/crtbegin.o
 .text          0x0000000008000178      0x114 f:/programs/stm32cubeide_1.4.0/stm32cubeide/plugins/com.st.stm32cube.ide.mcu.externaltools.gnu-tools-for-stm32.7-2018-q2-update.win32_1.4.0.202007081208/tools/bin/../lib/gcc/arm-none-eabi/7.3.1/thumb/v6-m\libgcc.a(_udivsi3.o)
                0x0000000008000178                __aeabi_uidiv
                0x0000000008000178                __udivsi3
                0x0000000008000284                __aeabi_uidivmod
 .text          0x000000000800028c        0x4 f:/programs/stm32cubeide_1.4.0/stm32cubeide/plugins/com.st.stm32cube.ide.mcu.externaltools.gnu-tools-for-stm32.7-2018-q2-update.win32_1.4.0.202007081208/tools/bin/../lib/gcc/arm-none-eabi/7.3.1/thumb/v6-m\libgcc.a(_dvmd_tls.o)
                0x000000000800028c                __aeabi_idiv0
                0x000000000800028c                __aeabi_ldiv0
 *(.text*)
 .text.EXTI0_IRQHandler
                0x0000000008000290       0x30 STM32F103C6_Drivers/MCAL/EXTI.o
                0x0000000008000290                EXTI0_IRQHandler
 .text.EXTI1_IRQHandler
                0x00000000080002c0       0x30 STM32F103C6_Drivers/MCAL/EXTI.o
                0x00000000080002c0                EXTI1_IRQHandler
 .text.EXTI2_IRQHandler
                0x00000000080002f0       0x30 STM32F103C6_Drivers/MCAL/EXTI.o
                0x00000000080002f0                EXTI2_IRQHandler
 .text.EXTI3_IRQHandler
                0x0000000008000320       0x30 STM32F103C6_Drivers/MCAL/EXTI.o
                0x0000000008000320                EXTI3_IRQHandler
 .text.EXTI4_IRQHandler
                0x0000000008000350       0x30 STM32F103C6_Drivers/MCAL/EXTI.o
                0x0000000008000350                EXTI4_IRQHandler
 .text.EXTI5_9_IRQHandler
                0x0000000008000380       0xa8 STM32F103C6_Drivers/MCAL/EXTI.o
                0x0000000008000380                EXTI5_9_IRQHandler
 .text.EXTI10_15_IRQHandler
                0x0000000008000428       0xd4 STM32F103C6_Drivers/MCAL/EXTI.o
                0x0000000008000428                EXTI10_15_IRQHandler
 .text.GPIO_SetPinDirection
                0x00000000080004fc       0x9c STM32F103C6_Drivers/MCAL/GPIO.o
                0x00000000080004fc                GPIO_SetPinDirection
 .text.RCC_GetSYCLKFreq
                0x0000000008000598       0x3c STM32F103C6_Drivers/MCAL/RCC.o
                0x0000000008000598                RCC_GetSYCLKFreq
 .text.RCC_GetHCLKFreq
                0x00000000080005d4       0x2c STM32F103C6_Drivers/MCAL/RCC.o
                0x00000000080005d4                RCC_GetHCLKFreq
 .text.RCC_GetPCLK1Freq
                0x0000000008000600       0x2c STM32F103C6_Drivers/MCAL/RCC.o
                0x0000000008000600                RCC_GetPCLK1Freq
 .text.RCC_GetPCLK2Freq
                0x000000000800062c       0x2c STM32F103C6_Drivers/MCAL/RCC.o
                0x000000000800062c                RCC_GetPCLK2Freq
 .text.USART_Init
                0x0000000008000658      0x190 STM32F103C6_Drivers/MCAL/USART.o
                0x0000000008000658                USART_Init
 .text.USART_SendData
                0x00000000080007e8       0x38 STM32F103C6_Drivers/MCAL/USART.o
                0x00000000080007e8                USART_SendData
 .text.USART_RecieveData
                0x0000000008000820       0x5c STM32F103C6_Drivers/MCAL/USART.o
                0x0000000008000820                USART_RecieveData
 .text.USART_GPIO_SetPins
                0x000000000800087c       0x88 STM32F103C6_Drivers/MCAL/USART.o
                0x000000000800087c                USART_GPIO_SetPins
 .text.USART1_IRQHandler
                0x0000000008000904       0x94 STM32F103C6_Drivers/MCAL/USART.o
                0x0000000008000904                USART1_IRQHandler
 .text.USART2_IRQHandler
                0x0000000008000998       0x94 STM32F103C6_Drivers/MCAL/USART.o
                0x0000000008000998                USART2_IRQHandler
 .text.USART3_IRQHandler
                0x0000000008000a2c       0x94 STM32F103C6_Drivers/MCAL/USART.o
                0x0000000008000a2c                USART3_IRQHandler
 .text.USART_IRQ_CallBack
                0x0000000008000ac0       0x34 Src/main.o
                0x0000000008000ac0                USART_IRQ_CallBack
 .text.main     0x0000000008000af4       0x78 Src/main.o
                0x0000000008000af4                main
 .text.Reset_Handler
                0x0000000008000b6c       0x50 Startup/startup_stm32f030c6tx.o
                0x0000000008000b6c                Reset_Handler
 .text.Default_Handler
                0x0000000008000bbc        0x2 Startup/startup_stm32f030c6tx.o
                0x0000000008000bbc                TIM8_TRG_COM_IRQHandler
                0x0000000008000bbc                TIM8_CC_IRQHandler
                0x0000000008000bbc                DebugMon_Handler
                0x0000000008000bbc                TIM1_CC_IRQHandler
                0x0000000008000bbc                HardFault_Handler
                0x0000000008000bbc                TIM6_IRQHandler
                0x0000000008000bbc                SysTick_Handler
                0x0000000008000bbc                PVD_IRQHandler
                0x0000000008000bbc                SDIO_IRQHandler
                0x0000000008000bbc                PendSV_Handler
                0x0000000008000bbc                NMI_Handler
                0x0000000008000bbc                USB_HP_CAN_TX_IRQHandler
                0x0000000008000bbc                I2C2_EV_IRQHandler
                0x0000000008000bbc                UsageFault_Handler
                0x0000000008000bbc                ADC1_2_IRQHandler
                0x0000000008000bbc                SPI1_IRQHandler
                0x0000000008000bbc                CAN_SCE_IRQHandler
                0x0000000008000bbc                TAMPER_IRQHandler
                0x0000000008000bbc                TIM8_UP_IRQHandler
                0x0000000008000bbc                DMA2_Channel2_IRQHandler
                0x0000000008000bbc                DMA1_Channel4_IRQHandler
                0x0000000008000bbc                RTC_IRQHandler
                0x0000000008000bbc                DMA1_Channel7_IRQHandler
                0x0000000008000bbc                UART5_IRQHandler
                0x0000000008000bbc                ADC3_IRQHandler
                0x0000000008000bbc                TIM4_IRQHandler
                0x0000000008000bbc                CAN_RX1_IRQHandler
                0x0000000008000bbc                DMA2_Channel1_IRQHandler
                0x0000000008000bbc                I2C1_EV_IRQHandler
                0x0000000008000bbc                DMA1_Channel6_IRQHandler
                0x0000000008000bbc                UART4_IRQHandler
                0x0000000008000bbc                TIM3_IRQHandler
                0x0000000008000bbc                RCC_IRQHandler
                0x0000000008000bbc                TIM1_TRG_COM_IRQHandler
                0x0000000008000bbc                DMA1_Channel1_IRQHandler
                0x0000000008000bbc                Default_Handler
                0x0000000008000bbc                TIM7_IRQHandler
                0x0000000008000bbc                TIM5_IRQHandler
                0x0000000008000bbc                SPI2_IRQHandler
                0x0000000008000bbc                USB_LP_CAN_RX0_IRQHandler
                0x0000000008000bbc                MemManage_Handler
                0x0000000008000bbc                SVC_Handler
                0x0000000008000bbc                DMA1_Channel5_IRQHandler
                0x0000000008000bbc                DMA1_Channel3_IRQHandler
                0x0000000008000bbc                FSMC_IRQHandler
                0x0000000008000bbc                TIM1_UP_IRQHandler
                0x0000000008000bbc                WWDG_IRQHandler
                0x0000000008000bbc                TIM2_IRQHandler
                0x0000000008000bbc                TIM1_BRK_IRQHandler
                0x0000000008000bbc                RTCAlarm_IRQHandler
                0x0000000008000bbc                DMA2_Channel4_5_IRQHandler
                0x0000000008000bbc                I2C2_ER_IRQHandler
                0x0000000008000bbc                DMA1_Channel2_IRQHandler
                0x0000000008000bbc                TIM8_BRK_IRQHandler
                0x0000000008000bbc                FLASH_IRQHandler
                0x0000000008000bbc                BusFault_Handler
                0x0000000008000bbc                SPI3_IRQHandler
                0x0000000008000bbc                I2C1_ER_IRQHandler
                0x0000000008000bbc                DMA2_Channel3_IRQHandler
 *fill*         0x0000000008000bbe        0x2 
 .text.__libc_init_array
                0x0000000008000bc0       0x48 f:/programs/stm32cubeide_1.4.0/stm32cubeide/plugins/com.st.stm32cube.ide.mcu.externaltools.gnu-tools-for-stm32.7-2018-q2-update.win32_1.4.0.202007081208/tools/bin/../lib/gcc/arm-none-eabi/7.3.1/../../../../arm-none-eabi/lib/thumb/v6-m\libc_nano.a(lib_a-init.o)
                0x0000000008000bc0                __libc_init_array
 *(.glue_7)
 .glue_7        0x0000000008000c08        0x0 linker stubs
 *(.glue_7t)
 .glue_7t       0x0000000008000c08        0x0 linker stubs
 *(.eh_frame)
 .eh_frame      0x0000000008000c08        0x0 f:/programs/stm32cubeide_1.4.0/stm32cubeide/plugins/com.st.stm32cube.ide.mcu.externaltools.gnu-tools-for-stm32.7-2018-q2-update.win32_1.4.0.202007081208/tools/bin/../lib/gcc/arm-none-eabi/7.3.1/thumb/v6-m/crtbegin.o
 *(.init)
 .init          0x0000000008000c08        0x4 f:/programs/stm32cubeide_1.4.0/stm32cubeide/plugins/com.st.stm32cube.ide.mcu.externaltools.gnu-tools-for-stm32.7-2018-q2-update.win32_1.4.0.202007081208/tools/bin/../lib/gcc/arm-none-eabi/7.3.1/thumb/v6-m/crti.o
                0x0000000008000c08                _init
 .init          0x0000000008000c0c        0x8 f:/programs/stm32cubeide_1.4.0/stm32cubeide/plugins/com.st.stm32cube.ide.mcu.externaltools.gnu-tools-for-stm32.7-2018-q2-update.win32_1.4.0.202007081208/tools/bin/../lib/gcc/arm-none-eabi/7.3.1/thumb/v6-m/crtn.o
 *(.fini)
 .fini          0x0000000008000c14        0x4 f:/programs/stm32cubeide_1.4.0/stm32cubeide/plugins/com.st.stm32cube.ide.mcu.externaltools.gnu-tools-for-stm32.7-2018-q2-update.win32_1.4.0.202007081208/tools/bin/../lib/gcc/arm-none-eabi/7.3.1/thumb/v6-m/crti.o
                0x0000000008000c14                _fini
 .fini          0x0000000008000c18        0x8 f:/programs/stm32cubeide_1.4.0/stm32cubeide/plugins/com.st.stm32cube.ide.mcu.externaltools.gnu-tools-for-stm32.7-2018-q2-update.win32_1.4.0.202007081208/tools/bin/../lib/gcc/arm-none-eabi/7.3.1/thumb/v6-m/crtn.o
                0x0000000008000c20                . = ALIGN (0x4)
                0x0000000008000c20                _etext = .

.vfp11_veneer   0x0000000008000c20        0x0
 .vfp11_veneer  0x0000000008000c20        0x0 linker stubs

.v4_bx          0x0000000008000c20        0x0
 .v4_bx         0x0000000008000c20        0x0 linker stubs

.iplt           0x0000000008000c20        0x0
 .iplt          0x0000000008000c20        0x0 f:/programs/stm32cubeide_1.4.0/stm32cubeide/plugins/com.st.stm32cube.ide.mcu.externaltools.gnu-tools-for-stm32.7-2018-q2-update.win32_1.4.0.202007081208/tools/bin/../lib/gcc/arm-none-eabi/7.3.1/thumb/v6-m/crtbegin.o

.rodata         0x0000000008000c20       0x18
                0x0000000008000c20                . = ALIGN (0x4)
 *(.rodata)
 *(.rodata*)
 .rodata.APBPrescaler
                0x0000000008000c20        0x8 STM32F103C6_Drivers/MCAL/RCC.o
                0x0000000008000c20                APBPrescaler
 .rodata.AHBPrescaler
                0x0000000008000c28       0x10 STM32F103C6_Drivers/MCAL/RCC.o
                0x0000000008000c28                AHBPrescaler
                0x0000000008000c38                . = ALIGN (0x4)

.rel.dyn        0x0000000008000c38        0x0
 .rel.iplt      0x0000000008000c38        0x0 f:/programs/stm32cubeide_1.4.0/stm32cubeide/plugins/com.st.stm32cube.ide.mcu.externaltools.gnu-tools-for-stm32.7-2018-q2-update.win32_1.4.0.202007081208/tools/bin/../lib/gcc/arm-none-eabi/7.3.1/thumb/v6-m/crtbegin.o

.ARM.extab      0x0000000008000c38        0x0
                0x0000000008000c38                . = ALIGN (0x4)
 *(.ARM.extab* .gnu.linkonce.armextab.*)
                0x0000000008000c38                . = ALIGN (0x4)

.ARM            0x0000000008000c38        0x0
                0x0000000008000c38                . = ALIGN (0x4)
                0x0000000008000c38                __exidx_start = .
 *(.ARM.exidx*)
                0x0000000008000c38                __exidx_end = .
                0x0000000008000c38                . = ALIGN (0x4)

.preinit_array  0x0000000008000c38        0x0
                0x0000000008000c38                . = ALIGN (0x4)
                0x0000000008000c38                PROVIDE (__preinit_array_start = .)
 *(.preinit_array*)
                0x0000000008000c38                PROVIDE (__preinit_array_end = .)
                0x0000000008000c38                . = ALIGN (0x4)

.init_array     0x0000000008000c38        0x4
                0x0000000008000c38                . = ALIGN (0x4)
                0x0000000008000c38                PROVIDE (__init_array_start = .)
 *(SORT_BY_NAME(.init_array.*))
 *(.init_array*)
 .init_array    0x0000000008000c38        0x4 f:/programs/stm32cubeide_1.4.0/stm32cubeide/plugins/com.st.stm32cube.ide.mcu.externaltools.gnu-tools-for-stm32.7-2018-q2-update.win32_1.4.0.202007081208/tools/bin/../lib/gcc/arm-none-eabi/7.3.1/thumb/v6-m/crtbegin.o
                0x0000000008000c3c                PROVIDE (__init_array_end = .)
                0x0000000008000c3c                . = ALIGN (0x4)

.fini_array     0x0000000008000c3c        0x4
                0x0000000008000c3c                . = ALIGN (0x4)
                [!provide]                        PROVIDE (__fini_array_start = .)
 *(SORT_BY_NAME(.fini_array.*))
 *(.fini_array*)
 .fini_array    0x0000000008000c3c        0x4 f:/programs/stm32cubeide_1.4.0/stm32cubeide/plugins/com.st.stm32cube.ide.mcu.externaltools.gnu-tools-for-stm32.7-2018-q2-update.win32_1.4.0.202007081208/tools/bin/../lib/gcc/arm-none-eabi/7.3.1/thumb/v6-m/crtbegin.o
                [!provide]                        PROVIDE (__fini_array_end = .)
                0x0000000008000c40                . = ALIGN (0x4)
                0x0000000008000c40                _sidata = LOADADDR (.data)

.data           0x0000000020000000        0x0 load address 0x0000000008000c40
                0x0000000020000000                . = ALIGN (0x4)
                0x0000000020000000                _sdata = .
 *(.data)
 *(.data*)
                0x0000000020000000                . = ALIGN (0x4)
                0x0000000020000000                _edata = .

.igot.plt       0x0000000020000000        0x0 load address 0x0000000008000c40
 .igot.plt      0x0000000020000000        0x0 f:/programs/stm32cubeide_1.4.0/stm32cubeide/plugins/com.st.stm32cube.ide.mcu.externaltools.gnu-tools-for-stm32.7-2018-q2-update.win32_1.4.0.202007081208/tools/bin/../lib/gcc/arm-none-eabi/7.3.1/thumb/v6-m/crtbegin.o
                0x0000000020000000                . = ALIGN (0x4)

.bss            0x0000000020000000       0x60 load address 0x0000000008000c40
                0x0000000020000000                _sbss = .
                0x0000000020000000                __bss_start__ = _sbss
 *(.bss)
 .bss           0x0000000020000000       0x1c f:/programs/stm32cubeide_1.4.0/stm32cubeide/plugins/com.st.stm32cube.ide.mcu.externaltools.gnu-tools-for-stm32.7-2018-q2-update.win32_1.4.0.202007081208/tools/bin/../lib/gcc/arm-none-eabi/7.3.1/thumb/v6-m/crtbegin.o
 *(.bss*)
 .bss.Global_USART_Config
                0x000000002000001c        0x4 STM32F103C6_Drivers/MCAL/USART.o
                0x000000002000001c                Global_USART_Config
 *(COMMON)
 COMMON         0x0000000020000020       0x3c STM32F103C6_Drivers/MCAL/EXTI.o
                0x0000000020000020                GP_IRQ_CallBack
 COMMON         0x000000002000005c        0x2 Src/main.o
                0x000000002000005c                ch
                0x0000000020000060                . = ALIGN (0x4)
 *fill*         0x000000002000005e        0x2 
                0x0000000020000060                _ebss = .
                0x0000000020000060                __bss_end__ = _ebss

._user_heap_stack
                0x0000000020000060      0x600 load address 0x0000000008000c40
                0x0000000020000060                . = ALIGN (0x8)
                [!provide]                        PROVIDE (end = .)
                0x0000000020000060                PROVIDE (_end = .)
                0x0000000020000260                . = (. + _Min_Heap_Size)
 *fill*         0x0000000020000060      0x200 
                0x0000000020000660                . = (. + _Min_Stack_Size)
 *fill*         0x0000000020000260      0x400 
                0x0000000020000660                . = ALIGN (0x8)

/DISCARD/
 libc.a(*)
 libm.a(*)
 libgcc.a(*)

.ARM.attributes
                0x0000000000000000       0x2d
 *(.ARM.attributes)
 .ARM.attributes
                0x0000000000000000       0x1e f:/programs/stm32cubeide_1.4.0/stm32cubeide/plugins/com.st.stm32cube.ide.mcu.externaltools.gnu-tools-for-stm32.7-2018-q2-update.win32_1.4.0.202007081208/tools/bin/../lib/gcc/arm-none-eabi/7.3.1/thumb/v6-m/crti.o
 .ARM.attributes
                0x000000000000001e       0x2c f:/programs/stm32cubeide_1.4.0/stm32cubeide/plugins/com.st.stm32cube.ide.mcu.externaltools.gnu-tools-for-stm32.7-2018-q2-update.win32_1.4.0.202007081208/tools/bin/../lib/gcc/arm-none-eabi/7.3.1/thumb/v6-m/crtbegin.o
 .ARM.attributes
                0x000000000000004a       0x31 STM32F103C6_Drivers/MCAL/EXTI.o
 .ARM.attributes
                0x000000000000007b       0x31 STM32F103C6_Drivers/MCAL/GPIO.o
 .ARM.attributes
                0x00000000000000ac       0x31 STM32F103C6_Drivers/MCAL/RCC.o
 .ARM.attributes
                0x00000000000000dd       0x31 STM32F103C6_Drivers/MCAL/USART.o
 .ARM.attributes
                0x000000000000010e       0x31 Src/main.o
 .ARM.attributes
                0x000000000000013f       0x21 Startup/startup_stm32f030c6tx.o
 .ARM.attributes
                0x0000000000000160       0x2c f:/programs/stm32cubeide_1.4.0/stm32cubeide/plugins/com.st.stm32cube.ide.mcu.externaltools.gnu-tools-for-stm32.7-2018-q2-update.win32_1.4.0.202007081208/tools/bin/../lib/gcc/arm-none-eabi/7.3.1/../../../../arm-none-eabi/lib/thumb/v6-m\libc_nano.a(lib_a-init.o)
 .ARM.attributes
                0x000000000000018c       0x1e f:/programs/stm32cubeide_1.4.0/stm32cubeide/plugins/com.st.stm32cube.ide.mcu.externaltools.gnu-tools-for-stm32.7-2018-q2-update.win32_1.4.0.202007081208/tools/bin/../lib/gcc/arm-none-eabi/7.3.1/thumb/v6-m\libgcc.a(_udivsi3.o)
 .ARM.attributes
                0x00000000000001aa       0x1e f:/programs/stm32cubeide_1.4.0/stm32cubeide/plugins/com.st.stm32cube.ide.mcu.externaltools.gnu-tools-for-stm32.7-2018-q2-update.win32_1.4.0.202007081208/tools/bin/../lib/gcc/arm-none-eabi/7.3.1/thumb/v6-m\libgcc.a(_dvmd_tls.o)
 .ARM.attributes
                0x00000000000001c8       0x1e f:/programs/stm32cubeide_1.4.0/stm32cubeide/plugins/com.st.stm32cube.ide.mcu.externaltools.gnu-tools-for-stm32.7-2018-q2-update.win32_1.4.0.202007081208/tools/bin/../lib/gcc/arm-none-eabi/7.3.1/thumb/v6-m/crtn.o
OUTPUT(Drivers.elf elf32-littlearm)

.debug_info     0x0000000000000000     0x3f48
 .debug_info    0x0000000000000000      0xde9 STM32F103C6_Drivers/MCAL/EXTI.o
 .debug_info    0x0000000000000de9      0xbeb STM32F103C6_Drivers/MCAL/GPIO.o
 .debug_info    0x00000000000019d4      0xaf4 STM32F103C6_Drivers/MCAL/RCC.o
 .debug_info    0x00000000000024c8      0xe79 STM32F103C6_Drivers/MCAL/USART.o
 .debug_info    0x0000000000003341      0xbe5 Src/main.o
 .debug_info    0x0000000000003f26       0x22 Startup/startup_stm32f030c6tx.o

.debug_abbrev   0x0000000000000000      0x961
 .debug_abbrev  0x0000000000000000      0x219 STM32F103C6_Drivers/MCAL/EXTI.o
 .debug_abbrev  0x0000000000000219      0x1be STM32F103C6_Drivers/MCAL/GPIO.o
 .debug_abbrev  0x00000000000003d7      0x1a6 STM32F103C6_Drivers/MCAL/RCC.o
 .debug_abbrev  0x000000000000057d      0x203 STM32F103C6_Drivers/MCAL/USART.o
 .debug_abbrev  0x0000000000000780      0x1cf Src/main.o
 .debug_abbrev  0x000000000000094f       0x12 Startup/startup_stm32f030c6tx.o

.debug_loc      0x0000000000000000      0x6ec
 .debug_loc     0x0000000000000000      0x278 STM32F103C6_Drivers/MCAL/EXTI.o
 .debug_loc     0x0000000000000278      0x188 STM32F103C6_Drivers/MCAL/GPIO.o
 .debug_loc     0x0000000000000400       0xbc STM32F103C6_Drivers/MCAL/RCC.o
 .debug_loc     0x00000000000004bc      0x1c0 STM32F103C6_Drivers/MCAL/USART.o
 .debug_loc     0x000000000000067c       0x70 Src/main.o

.debug_aranges  0x0000000000000000      0x1b0
 .debug_aranges
                0x0000000000000000       0x80 STM32F103C6_Drivers/MCAL/EXTI.o
 .debug_aranges
                0x0000000000000080       0x50 STM32F103C6_Drivers/MCAL/GPIO.o
 .debug_aranges
                0x00000000000000d0       0x38 STM32F103C6_Drivers/MCAL/RCC.o
 .debug_aranges
                0x0000000000000108       0x58 STM32F103C6_Drivers/MCAL/USART.o
 .debug_aranges
                0x0000000000000160       0x28 Src/main.o
 .debug_aranges
                0x0000000000000188       0x28 Startup/startup_stm32f030c6tx.o

.debug_ranges   0x0000000000000000      0x158
 .debug_ranges  0x0000000000000000       0x70 STM32F103C6_Drivers/MCAL/EXTI.o
 .debug_ranges  0x0000000000000070       0x40 STM32F103C6_Drivers/MCAL/GPIO.o
 .debug_ranges  0x00000000000000b0       0x28 STM32F103C6_Drivers/MCAL/RCC.o
 .debug_ranges  0x00000000000000d8       0x48 STM32F103C6_Drivers/MCAL/USART.o
 .debug_ranges  0x0000000000000120       0x18 Src/main.o
 .debug_ranges  0x0000000000000138       0x20 Startup/startup_stm32f030c6tx.o

.debug_macro    0x0000000000000000      0xdd5
 .debug_macro   0x0000000000000000      0x1df STM32F103C6_Drivers/MCAL/EXTI.o
 .debug_macro   0x00000000000001df      0x1ac STM32F103C6_Drivers/MCAL/EXTI.o
 .debug_macro   0x000000000000038b      0x224 STM32F103C6_Drivers/MCAL/EXTI.o
 .debug_macro   0x00000000000005af      0x1c6 STM32F103C6_Drivers/MCAL/GPIO.o
 .debug_macro   0x0000000000000775      0x1c6 STM32F103C6_Drivers/MCAL/RCC.o
 .debug_macro   0x000000000000093b       0x10 STM32F103C6_Drivers/MCAL/RCC.o
 .debug_macro   0x000000000000094b      0x1e2 STM32F103C6_Drivers/MCAL/USART.o
 .debug_macro   0x0000000000000b2d       0x16 STM32F103C6_Drivers/MCAL/USART.o
 .debug_macro   0x0000000000000b43       0xac STM32F103C6_Drivers/MCAL/USART.o
 .debug_macro   0x0000000000000bef      0x1e6 Src/main.o

.debug_line     0x0000000000000000     0x232f
 .debug_line    0x0000000000000000      0x7ee STM32F103C6_Drivers/MCAL/EXTI.o
 .debug_line    0x00000000000007ee      0x68f STM32F103C6_Drivers/MCAL/GPIO.o
 .debug_line    0x0000000000000e7d      0x643 STM32F103C6_Drivers/MCAL/RCC.o
 .debug_line    0x00000000000014c0      0x72a STM32F103C6_Drivers/MCAL/USART.o
 .debug_line    0x0000000000001bea      0x6c1 Src/main.o
 .debug_line    0x00000000000022ab       0x84 Startup/startup_stm32f030c6tx.o

.debug_str      0x0000000000000000     0x9ce6
 .debug_str     0x0000000000000000     0x94ae STM32F103C6_Drivers/MCAL/EXTI.o
                                       0x9671 (size before relaxing)
 .debug_str     0x00000000000094ae       0xdf STM32F103C6_Drivers/MCAL/GPIO.o
                                       0x8246 (size before relaxing)
 .debug_str     0x000000000000958d       0xf0 STM32F103C6_Drivers/MCAL/RCC.o
                                       0x7f9d (size before relaxing)
 .debug_str     0x000000000000967d      0x608 STM32F103C6_Drivers/MCAL/USART.o
                                       0x881f (size before relaxing)
 .debug_str     0x0000000000009c85       0x30 Src/main.o
                                       0x872c (size before relaxing)
 .debug_str     0x0000000000009cb5       0x31 Startup/startup_stm32f030c6tx.o
                                         0x83 (size before relaxing)

.comment        0x0000000000000000       0x7b
 .comment       0x0000000000000000       0x7b STM32F103C6_Drivers/MCAL/EXTI.o
                                         0x7c (size before relaxing)
 .comment       0x000000000000007b       0x7c STM32F103C6_Drivers/MCAL/GPIO.o
 .comment       0x000000000000007b       0x7c STM32F103C6_Drivers/MCAL/RCC.o
 .comment       0x000000000000007b       0x7c STM32F103C6_Drivers/MCAL/USART.o
 .comment       0x000000000000007b       0x7c Src/main.o

.debug_frame    0x0000000000000000      0x4b4
 .debug_frame   0x0000000000000000      0x190 STM32F103C6_Drivers/MCAL/EXTI.o
 .debug_frame   0x0000000000000190       0xf0 STM32F103C6_Drivers/MCAL/GPIO.o
 .debug_frame   0x0000000000000280       0x84 STM32F103C6_Drivers/MCAL/RCC.o
 .debug_frame   0x0000000000000304      0x114 STM32F103C6_Drivers/MCAL/USART.o
 .debug_frame   0x0000000000000418       0x50 Src/main.o
 .debug_frame   0x0000000000000468       0x2c f:/programs/stm32cubeide_1.4.0/stm32cubeide/plugins/com.st.stm32cube.ide.mcu.externaltools.gnu-tools-for-stm32.7-2018-q2-update.win32_1.4.0.202007081208/tools/bin/../lib/gcc/arm-none-eabi/7.3.1/../../../../arm-none-eabi/lib/thumb/v6-m\libc_nano.a(lib_a-init.o)
 .debug_frame   0x0000000000000494       0x20 f:/programs/stm32cubeide_1.4.0/stm32cubeide/plugins/com.st.stm32cube.ide.mcu.externaltools.gnu-tools-for-stm32.7-2018-q2-update.win32_1.4.0.202007081208/tools/bin/../lib/gcc/arm-none-eabi/7.3.1/thumb/v6-m\libgcc.a(_udivsi3.o)
